Archive member included to satisfy reference by file (symbol)

/home/decoder10/RIOT/examples/mote_app/bin/native/mote_app.a(main.o)
                              /usr/lib/gcc/x86_64-linux-gnu/4.8/../../../../lib32/crt1.o (main)
/home/decoder10/RIOT/examples/mote_app/bin/native/board.a(board_init.o)
                              /home/decoder10/RIOT/examples/mote_app/bin/native/cpu/startup.o (board_init)
/home/decoder10/RIOT/examples/mote_app/bin/native/core.a(kernel_init.o)
                              /home/decoder10/RIOT/examples/mote_app/bin/native/cpu/startup.o (kernel_init)
/home/decoder10/RIOT/examples/mote_app/bin/native/core.a(thread.o)
                              /home/decoder10/RIOT/examples/mote_app/bin/native/core.a(kernel_init.o) (thread_create)
/home/decoder10/RIOT/examples/mote_app/bin/native/core.a(panic.o)
                              /home/decoder10/RIOT/examples/mote_app/bin/native/core.a(thread.o) (assert_crash_message)
/home/decoder10/RIOT/examples/mote_app/bin/native/core.a(sched.o)
                              /home/decoder10/RIOT/examples/mote_app/bin/native/core.a(thread.o) (sched_num_threads)
/home/decoder10/RIOT/examples/mote_app/bin/native/core.a(bitarithm.o)
                              /home/decoder10/RIOT/examples/mote_app/bin/native/core.a(sched.o) (bitarithm_lsb)
/home/decoder10/RIOT/examples/mote_app/bin/native/cpu.a(irq_cpu.o)
                              /home/decoder10/RIOT/examples/mote_app/bin/native/core.a(kernel_init.o) (irq_disable)
/home/decoder10/RIOT/examples/mote_app/bin/native/cpu.a(lpm_cpu.o)
                              /home/decoder10/RIOT/examples/mote_app/bin/native/core.a(kernel_init.o) (lpm_set)
/home/decoder10/RIOT/examples/mote_app/bin/native/cpu.a(native_cpu.o)
                              /home/decoder10/RIOT/examples/mote_app/bin/native/core.a(thread.o) (thread_stack_init)
/home/decoder10/RIOT/examples/mote_app/bin/native/cpu.a(panic.o)
                              /home/decoder10/RIOT/examples/mote_app/bin/native/core.a(panic.o) (panic_arch)
/home/decoder10/RIOT/examples/mote_app/bin/native/cpu.a(syscalls.o)
                              /home/decoder10/RIOT/examples/mote_app/bin/native/cpu.a(irq_cpu.o) (real_read)
/home/decoder10/RIOT/examples/mote_app/bin/native/cpu.a(tramp.o)
                              /home/decoder10/RIOT/examples/mote_app/bin/native/cpu.a(irq_cpu.o) (_native_sig_leave_tramp)
/home/decoder10/RIOT/examples/mote_app/bin/native/mote.a(mote.o)
                              /home/decoder10/RIOT/examples/mote_app/bin/native/mote_app.a(main.o) (show)
/home/decoder10/RIOT/examples/mote_app/bin/native/native-drivers.a(native-led.o)
                              /home/decoder10/RIOT/examples/mote_app/bin/native/board.a(board_init.o) (_native_LED_GREEN_ON)
/home/decoder10/RIOT/examples/mote_app/bin/native/periph.a(uart.o)
                              /home/decoder10/RIOT/examples/mote_app/bin/native/cpu/startup.o (tty_uart_setup)
/home/decoder10/RIOT/examples/mote_app/bin/native/auto_init.a(auto_init.o)
                              /home/decoder10/RIOT/examples/mote_app/bin/native/core.a(kernel_init.o) (auto_init)
/home/decoder10/RIOT/examples/mote_app/bin/native/cpu.a(async_read.o)
                              /home/decoder10/RIOT/examples/mote_app/bin/native/periph.a(uart.o) (native_async_read_setup)
/usr/lib32/libc_nonshared.a(elf-init.oS)
                              /usr/lib/gcc/x86_64-linux-gnu/4.8/../../../../lib32/crt1.o (__libc_csu_init)

As-needed library included to satisfy reference by file (symbol)

libdl.so.2                    /home/decoder10/RIOT/examples/mote_app/bin/native/cpu.a(syscalls.o) (dlsym@@GLIBC_2.0)

Discarded input sections

 .rodata        0x0000000000000000        0x4 /usr/lib/gcc/x86_64-linux-gnu/4.8/../../../../lib32/crt1.o
 .data          0x0000000000000000        0x4 /usr/lib/gcc/x86_64-linux-gnu/4.8/../../../../lib32/crt1.o
 .bss           0x0000000000000000        0x0 /usr/lib/gcc/x86_64-linux-gnu/4.8/../../../../lib32/crt1.o
 .note.GNU-stack
                0x0000000000000000        0x0 /usr/lib/gcc/x86_64-linux-gnu/4.8/../../../../lib32/crt1.o
 .text          0x0000000000000000        0x0 /usr/lib/gcc/x86_64-linux-gnu/4.8/../../../../lib32/crti.o
 .data          0x0000000000000000        0x0 /usr/lib/gcc/x86_64-linux-gnu/4.8/../../../../lib32/crti.o
 .bss           0x0000000000000000        0x0 /usr/lib/gcc/x86_64-linux-gnu/4.8/../../../../lib32/crti.o
 .note.GNU-stack
                0x0000000000000000        0x0 /usr/lib/gcc/x86_64-linux-gnu/4.8/../../../../lib32/crti.o
 .data          0x0000000000000000        0x4 /usr/lib/gcc/x86_64-linux-gnu/4.8/32/crtbegin.o
 .note.GNU-stack
                0x0000000000000000        0x0 /usr/lib/gcc/x86_64-linux-gnu/4.8/32/crtbegin.o
 .text          0x0000000000000000        0x0 /home/decoder10/RIOT/examples/mote_app/bin/native/cpu/startup.o
[...]
Memory Configuration

Name             Origin             Length             Attributes
*default*        0x0000000000000000 0xffffffffffffffff

Linker script and memory map

LOAD /usr/lib/gcc/x86_64-linux-gnu/4.8/../../../../lib32/crt1.o
LOAD /usr/lib/gcc/x86_64-linux-gnu/4.8/../../../../lib32/crti.o
LOAD /usr/lib/gcc/x86_64-linux-gnu/4.8/32/crtbegin.o
LOAD /home/decoder10/RIOT/examples/mote_app/bin/native/cpu/startup.o
START GROUP
LOAD /home/decoder10/RIOT/examples/mote_app/bin/native/mote_app.a
LOAD /home/decoder10/RIOT/examples/mote_app/bin/native/auto_init.a
LOAD /home/decoder10/RIOT/examples/mote_app/bin/native/board.a
LOAD /home/decoder10/RIOT/examples/mote_app/bin/native/core.a
LOAD /home/decoder10/RIOT/examples/mote_app/bin/native/cpu.a
LOAD /home/decoder10/RIOT/examples/mote_app/bin/native/mote.a
LOAD /home/decoder10/RIOT/examples/mote_app/bin/native/native-drivers.a
LOAD /home/decoder10/RIOT/examples/mote_app/bin/native/periph.a
LOAD /home/decoder10/RIOT/examples/mote_app/bin/native/sys.a
LOAD /usr/lib/gcc/x86_64-linux-gnu/4.8/../../../../lib32/libm.so
END GROUP
LOAD /usr/lib/gcc/x86_64-linux-gnu/4.8/../../../../lib32/libdl.so
LOAD /usr/lib/gcc/x86_64-linux-gnu/4.8/32/libgcc.a
LOAD /usr/lib/gcc/x86_64-linux-gnu/4.8/32/libgcc_s.so
LOAD /usr/lib/gcc/x86_64-linux-gnu/4.8/../../../../lib32/libc.so
START GROUP
LOAD /lib32/libc.so.6
LOAD /usr/lib32/libc_nonshared.a
LOAD /lib32/ld-linux.so.2
END GROUP
LOAD /usr/lib/gcc/x86_64-linux-gnu/4.8/32/libgcc.a
LOAD /usr/lib/gcc/x86_64-linux-gnu/4.8/32/libgcc_s.so
LOAD /usr/lib/gcc/x86_64-linux-gnu/4.8/32/crtend.o
LOAD /usr/lib/gcc/x86_64-linux-gnu/4.8/../../../../lib32/crtn.o
                0x0000000008048000                PROVIDE (__executable_start, 0x8048000)
                0x0000000008048154                . = (0x8048000 + SIZEOF_HEADERS)

.interp         0x0000000008048154       0x13
 *(.interp)
 .interp        0x0000000008048154       0x13 /usr/lib/gcc/x86_64-linux-gnu/4.8/../../../../lib32/crt1.o

.note.ABI-tag   0x0000000008048168       0x20
 .note.ABI-tag  0x0000000008048168       0x20 /usr/lib/gcc/x86_64-linux-gnu/4.8/../../../../lib32/crt1.o

.note.gnu.build-id
                0x0000000008048188       0x24
 *(.note.gnu.build-id)
 .note.gnu.build-id
                0x0000000008048188       0x24 /usr/lib/gcc/x86_64-linux-gnu/4.8/../../../../lib32/crt1.o

.hash
 *(.hash)

.gnu.hash       0x00000000080481ac       0xb8
 *(.gnu.hash)
 .gnu.hash      0x00000000080481ac       0xb8 /usr/lib/gcc/x86_64-linux-gnu/4.8/../../../../lib32/crt1.o

.dynsym         0x0000000008048264      0x310
 *(.dynsym)
 .dynsym        0x0000000008048264      0x310 /usr/lib/gcc/x86_64-linux-gnu/4.8/../../../../lib32/crt1.o

.dynstr         0x0000000008048574      0x1e0
 *(.dynstr)
 .dynstr        0x0000000008048574      0x1e0 /usr/lib/gcc/x86_64-linux-gnu/4.8/../../../../lib32/crt1.o

.gnu.version    0x0000000008048754       0x62
 *(.gnu.version)
 .gnu.version   0x0000000008048754       0x62 /usr/lib/gcc/x86_64-linux-gnu/4.8/../../../../lib32/crt1.o

.gnu.version_d  0x00000000080487b8        0x0
 *(.gnu.version_d)
 .gnu.version_d
                0x0000000000000000        0x0 /usr/lib/gcc/x86_64-linux-gnu/4.8/../../../../lib32/crt1.o

.gnu.version_r  0x00000000080487b8       0x60
 *(.gnu.version_r)
 .gnu.version_r
                0x00000000080487b8       0x60 /usr/lib/gcc/x86_64-linux-gnu/4.8/../../../../lib32/crt1.o

.rel.dyn        0x0000000008048818       0x10
 *(.rel.init)
 *(.rel.text .rel.text.* .rel.gnu.linkonce.t.*)
 .rel.text      0x0000000000000000        0x0 /usr/lib/gcc/x86_64-linux-gnu/4.8/../../../../lib32/crt1.o
 .rel.text._native_null_in
                0x0000000000000000        0x0 /usr/lib/gcc/x86_64-linux-gnu/4.8/../../../../lib32/crt1.o
 .rel.text._native_log_stdout
                0x0000000000000000        0x0 /usr/lib/gcc/x86_64-linux-gnu/4.8/../../../../lib32/crt1.o
 .rel.text._native_log_stderr
                0x0000000000000000        0x0 /usr/lib/gcc/x86_64-linux-gnu/4.8/../../../../lib32/crt1.o
 .rel.text.daemonize
                0x0000000000000000        0x0 /usr/lib/gcc/x86_64-linux-gnu/4.8/../../../../lib32/crt1.o
 .rel.text.filter_daemonize_argv
                0x0000000000000000        0x0 /usr/lib/gcc/x86_64-linux-gnu/4.8/../../../../lib32/crt1.o
 .rel.text.usage_exit
                0x0000000000000000        0x0 /usr/lib/gcc/x86_64-linux-gnu/4.8/../../../../lib32/crt1.o
 .rel.text.startup
                0x0000000000000000        0x0 /usr/lib/gcc/x86_64-linux-gnu/4.8/../../../../lib32/crt1.o
 .rel.text.main
                0x0000000000000000        0x0 /usr/lib/gcc/x86_64-linux-gnu/4.8/../../../../lib32/crt1.o
 .rel.text.board_init
                0x0000000000000000        0x0 /usr/lib/gcc/x86_64-linux-gnu/4.8/../../../../lib32/crt1.o
 .rel.text.main_trampoline
                0x0000000000000000        0x0 /usr/lib/gcc/x86_64-linux-gnu/4.8/../../../../lib32/crt1.o
 .rel.text.idle_thread
                0x0000000000000000        0x0 /usr/lib/gcc/x86_64-linux-gnu/4.8/../../../../lib32/crt1.o
 .rel.text.kernel_init
                0x0000000000000000        0x0 /usr/lib/gcc/x86_64-linux-gnu/4.8/../../../../lib32/crt1.o
 .rel.text.clist_lpoprpush
                0x0000000000000000        0x0 /usr/lib/gcc/x86_64-linux-gnu/4.8/../../../../lib32/crt1.o
 .rel.text.cib_init
                0x0000000000000000        0x0 /usr/lib/gcc/x86_64-linux-gnu/4.8/../../../../lib32/crt1.o
 .rel.text.pid_is_valid
                0x0000000000000000        0x0 /usr/lib/gcc/x86_64-linux-gnu/4.8/../../../../lib32/crt1.o
 .rel.text.thread_get
                0x0000000000000000        0x0 /usr/lib/gcc/x86_64-linux-gnu/4.8/../../../../lib32/crt1.o
 .rel.text.thread_getstatus
                0x0000000000000000        0x0 /usr/lib/gcc/x86_64-linux-gnu/4.8/../../../../lib32/crt1.o
 .rel.text.thread_getname
                0x0000000000000000        0x0 /usr/lib/gcc/x86_64-linux-gnu/4.8/../../../../lib32/crt1.o
 .rel.text.thread_sleep
                0x0000000000000000        0x0 /usr/lib/gcc/x86_64-linux-gnu/4.8/../../../../lib32/crt1.o
 .rel.text.thread_wakeup
                0x0000000000000000        0x0 /usr/lib/gcc/x86_64-linux-gnu/4.8/../../../../lib32/crt1.o
 .rel.text.thread_yield
                0x0000000000000000        0x0 /usr/lib/gcc/x86_64-linux-gnu/4.8/../../../../lib32/crt1.o
 .rel.text.thread_add_to_list
                0x0000000000000000        0x0 /usr/lib/gcc/x86_64-linux-gnu/4.8/../../../../lib32/crt1.o
 .rel.text.thread_measure_stack_free
                0x0000000000000000        0x0 /usr/lib/gcc/x86_64-linux-gnu/4.8/../../../../lib32/crt1.o
 .rel.text.thread_create
                0x0000000000000000        0x0 /usr/lib/gcc/x86_64-linux-gnu/4.8/../../../../lib32/crt1.o
 .rel.text.core_panic
                0x0000000000000000        0x0 /usr/lib/gcc/x86_64-linux-gnu/4.8/../../../../lib32/crt1.o
 .rel.text.clist_rpush
                0x0000000000000000        0x0 /usr/lib/gcc/x86_64-linux-gnu/4.8/../../../../lib32/crt1.o
 .rel.text.clist_lpop
                0x0000000000000000        0x0 /usr/lib/gcc/x86_64-linux-gnu/4.8/../../../../lib32/crt1.o
 .rel.text.sched_run
                0x0000000000000000        0x0 /usr/lib/gcc/x86_64-linux-gnu/4.8/../../../../lib32/crt1.o
 .rel.text.sched_set_status
                0x0000000000000000        0x0 /usr/lib/gcc/x86_64-linux-gnu/4.8/../../../../lib32/crt1.o
 .rel.text.sched_switch
                0x0000000000000000        0x0 /usr/lib/gcc/x86_64-linux-gnu/4.8/../../../../lib32/crt1.o
 .rel.text.sched_task_exit
                0x0000000000000000        0x0 /usr/lib/gcc/x86_64-linux-gnu/4.8/../../../../lib32/crt1.o
 .rel.text.bitarithm_msb
                0x0000000000000000        0x0 /usr/lib/gcc/x86_64-linux-gnu/4.8/../../../../lib32/crt1.o
 .rel.text.bitarithm_lsb
                0x0000000000000000        0x0 /usr/lib/gcc/x86_64-linux-gnu/4.8/../../../../lib32/crt1.o
 .rel.text.bitarithm_bits_set
                0x0000000000000000        0x0 /usr/lib/gcc/x86_64-linux-gnu/4.8/../../../../lib32/crt1.o
 .rel.text.thread_arch_isr_stack_pointer
                0x0000000000000000        0x0 /usr/lib/gcc/x86_64-linux-gnu/4.8/../../../../lib32/crt1.o
 .rel.text.thread_arch_isr_stack_start
                0x0000000000000000        0x0 /usr/lib/gcc/x86_64-linux-gnu/4.8/../../../../lib32/crt1.o
 .rel.text.print_thread_sigmask
                0x0000000000000000        0x0 /usr/lib/gcc/x86_64-linux-gnu/4.8/../../../../lib32/crt1.o
 .rel.text.print_sigmasks
                0x0000000000000000        0x0 /usr/lib/gcc/x86_64-linux-gnu/4.8/../../../../lib32/crt1.o
 .rel.text.native_print_signals
                0x0000000000000000        0x0 /usr/lib/gcc/x86_64-linux-gnu/4.8/../../../../lib32/crt1.o
 .rel.text.irq_disable
                0x0000000000000000        0x0 /usr/lib/gcc/x86_64-linux-gnu/4.8/../../../../lib32/crt1.o
 .rel.text.irq_enable
                0x0000000000000000        0x0 /usr/lib/gcc/x86_64-linux-gnu/4.8/../../../../lib32/crt1.o
 .rel.text.irq_restore
                0x0000000000000000        0x0 /usr/lib/gcc/x86_64-linux-gnu/4.8/../../../../lib32/crt1.o
 .rel.text.irq_is_in
                0x0000000000000000        0x0 /usr/lib/gcc/x86_64-linux-gnu/4.8/../../../../lib32/crt1.o
 .rel.text._native_popsig
                0x0000000000000000        0x0 /usr/lib/gcc/x86_64-linux-gnu/4.8/../../../../lib32/crt1.o
 .rel.text.native_irq_handler
                0x0000000000000000        0x0 /usr/lib/gcc/x86_64-linux-gnu/4.8/../../../../lib32/crt1.o
 .rel.text.isr_set_sigmask
                0x0000000000000000        0x0 /usr/lib/gcc/x86_64-linux-gnu/4.8/../../../../lib32/crt1.o
 .rel.text.native_isr_entry
                0x0000000000000000        0x0 /usr/lib/gcc/x86_64-linux-gnu/4.8/../../../../lib32/crt1.o
 .rel.text.set_signal_handler
                0x0000000000000000        0x0 /usr/lib/gcc/x86_64-linux-gnu/4.8/../../../../lib32/crt1.o
 .rel.text.register_interrupt
                0x0000000000000000        0x0 /usr/lib/gcc/x86_64-linux-gnu/4.8/../../../../lib32/crt1.o
 .rel.text.unregister_interrupt
                0x0000000000000000        0x0 /usr/lib/gcc/x86_64-linux-gnu/4.8/../../../../lib32/crt1.o
 .rel.text.native_shutdown
                0x0000000000000000        0x0 /usr/lib/gcc/x86_64-linux-gnu/4.8/../../../../lib32/crt1.o
 .rel.text.native_interrupt_init
                0x0000000000000000        0x0 /usr/lib/gcc/x86_64-linux-gnu/4.8/../../../../lib32/crt1.o
 .rel.text.lpm_init
                0x0000000000000000        0x0 /usr/lib/gcc/x86_64-linux-gnu/4.8/../../../../lib32/crt1.o
 .rel.text._native_lpm_sleep
                0x0000000000000000        0x0 /usr/lib/gcc/x86_64-linux-gnu/4.8/../../../../lib32/crt1.o
 .rel.text.lpm_set
                0x0000000000000000        0x0 /usr/lib/gcc/x86_64-linux-gnu/4.8/../../../../lib32/crt1.o
 .rel.text.lpm_awake
                0x0000000000000000        0x0 /usr/lib/gcc/x86_64-linux-gnu/4.8/../../../../lib32/crt1.o
 .rel.text.lpm_begin_awake
                0x0000000000000000        0x0 /usr/lib/gcc/x86_64-linux-gnu/4.8/../../../../lib32/crt1.o
 .rel.text.lpm_end_awake
                0x0000000000000000        0x0 /usr/lib/gcc/x86_64-linux-gnu/4.8/../../../../lib32/crt1.o
 .rel.text.lpm_get
                0x0000000000000000        0x0 /usr/lib/gcc/x86_64-linux-gnu/4.8/../../../../lib32/crt1.o
 .rel.text.thread_print_stack
                0x0000000000000000        0x0 /usr/lib/gcc/x86_64-linux-gnu/4.8/../../../../lib32/crt1.o
 .rel.text.thread_arch_isr_stack_usage
                0x0000000000000000        0x0 /usr/lib/gcc/x86_64-linux-gnu/4.8/../../../../lib32/crt1.o
 .rel.text.thread_stack_init
                0x0000000000000000        0x0 /usr/lib/gcc/x86_64-linux-gnu/4.8/../../../../lib32/crt1.o
 .rel.text.isr_cpu_switch_context_exit
                0x0000000000000000        0x0 /usr/lib/gcc/x86_64-linux-gnu/4.8/../../../../lib32/crt1.o
 .rel.text.cpu_switch_context_exit
                0x0000000000000000        0x0 /usr/lib/gcc/x86_64-linux-gnu/4.8/../../../../lib32/crt1.o
 .rel.text.isr_thread_yield
                0x0000000000000000        0x0 /usr/lib/gcc/x86_64-linux-gnu/4.8/../../../../lib32/crt1.o
 .rel.text.thread_yield_higher
                0x0000000000000000        0x0 /usr/lib/gcc/x86_64-linux-gnu/4.8/../../../../lib32/crt1.o
 .rel.text.native_cpu_init
                0x0000000000000000        0x0 /usr/lib/gcc/x86_64-linux-gnu/4.8/../../../../lib32/crt1.o
 .rel.text.panic_arch
                0x0000000000000000        0x0 /usr/lib/gcc/x86_64-linux-gnu/4.8/../../../../lib32/crt1.o
 .rel.text._native_syscall_enter
                0x0000000000000000        0x0 /usr/lib/gcc/x86_64-linux-gnu/4.8/../../../../lib32/crt1.o
 .rel.text._native_syscall_leave
                0x0000000000000000        0x0 /usr/lib/gcc/x86_64-linux-gnu/4.8/../../../../lib32/crt1.o
 .rel.text.malloc
                0x0000000000000000        0x0 /usr/lib/gcc/x86_64-linux-gnu/4.8/../../../../lib32/crt1.o
 .rel.text.free
                0x0000000000000000        0x0 /usr/lib/gcc/x86_64-linux-gnu/4.8/../../../../lib32/crt1.o
 .rel.text.calloc
                0x0000000000000000        0x0 /usr/lib/gcc/x86_64-linux-gnu/4.8/../../../../lib32/crt1.o
 .rel.text.realloc
                0x0000000000000000        0x0 /usr/lib/gcc/x86_64-linux-gnu/4.8/../../../../lib32/crt1.o
 .rel.text._native_read
                0x0000000000000000        0x0 /usr/lib/gcc/x86_64-linux-gnu/4.8/../../../../lib32/crt1.o
 .rel.text._native_write
                0x0000000000000000        0x0 /usr/lib/gcc/x86_64-linux-gnu/4.8/../../../../lib32/crt1.o
 .rel.text._native_writev
                0x0000000000000000        0x0 /usr/lib/gcc/x86_64-linux-gnu/4.8/../../../../lib32/crt1.o
 .rel.text.putchar
                0x0000000000000000        0x0 /usr/lib/gcc/x86_64-linux-gnu/4.8/../../../../lib32/crt1.o
 .rel.text.puts
                0x0000000000000000        0x0 /usr/lib/gcc/x86_64-linux-gnu/4.8/../../../../lib32/crt1.o
 .rel.text.make_message
                0x0000000000000000        0x0 /usr/lib/gcc/x86_64-linux-gnu/4.8/../../../../lib32/crt1.o
 .rel.text.printf
                0x0000000000000000        0x0 /usr/lib/gcc/x86_64-linux-gnu/4.8/../../../../lib32/crt1.o
 .rel.text.vprintf
                0x0000000000000000        0x0 /usr/lib/gcc/x86_64-linux-gnu/4.8/../../../../lib32/crt1.o
 .rel.text.fprintf
                0x0000000000000000        0x0 /usr/lib/gcc/x86_64-linux-gnu/4.8/../../../../lib32/crt1.o
 .rel.text.vfprintf
                0x0000000000000000        0x0 /usr/lib/gcc/x86_64-linux-gnu/4.8/../../../../lib32/crt1.o
 .rel.text.vwarn
                0x0000000000000000        0x0 /usr/lib/gcc/x86_64-linux-gnu/4.8/../../../../lib32/crt1.o
 .rel.text.vwarnx
                0x0000000000000000        0x0 /usr/lib/gcc/x86_64-linux-gnu/4.8/../../../../lib32/crt1.o
 .rel.text.warn
                0x0000000000000000        0x0 /usr/lib/gcc/x86_64-linux-gnu/4.8/../../../../lib32/crt1.o
 .rel.text.warnx
                0x0000000000000000        0x0 /usr/lib/gcc/x86_64-linux-gnu/4.8/../../../../lib32/crt1.o
 .rel.text.getpid
                0x0000000000000000        0x0 /usr/lib/gcc/x86_64-linux-gnu/4.8/../../../../lib32/crt1.o
 .rel.text._native_init_syscalls
                0x0000000000000000        0x0 /usr/lib/gcc/x86_64-linux-gnu/4.8/../../../../lib32/crt1.o
 .rel.text.show
                0x0000000000000000        0x0 /usr/lib/gcc/x86_64-linux-gnu/4.8/../../../../lib32/crt1.o
 .rel.text._native_LED_GREEN_OFF
                0x0000000000000000        0x0 /usr/lib/gcc/x86_64-linux-gnu/4.8/../../../../lib32/crt1.o
 .rel.text._native_LED_GREEN_ON
                0x0000000000000000        0x0 /usr/lib/gcc/x86_64-linux-gnu/4.8/../../../../lib32/crt1.o
 .rel.text._native_LED_GREEN_TOGGLE
                0x0000000000000000        0x0 /usr/lib/gcc/x86_64-linux-gnu/4.8/../../../../lib32/crt1.o
 .rel.text._native_LED_RED_OFF
                0x0000000000000000        0x0 /usr/lib/gcc/x86_64-linux-gnu/4.8/../../../../lib32/crt1.o
 .rel.text._native_LED_RED_ON
                0x0000000000000000        0x0 /usr/lib/gcc/x86_64-linux-gnu/4.8/../../../../lib32/crt1.o
 .rel.text._native_LED_RED_TOGGLE
                0x0000000000000000        0x0 /usr/lib/gcc/x86_64-linux-gnu/4.8/../../../../lib32/crt1.o
 .rel.text.tty_uart_setup
                0x0000000000000000        0x0 /usr/lib/gcc/x86_64-linux-gnu/4.8/../../../../lib32/crt1.o
 .rel.text.io_signal_handler
                0x0000000000000000        0x0 /usr/lib/gcc/x86_64-linux-gnu/4.8/../../../../lib32/crt1.o
 .rel.text.uart_init
                0x0000000000000000        0x0 /usr/lib/gcc/x86_64-linux-gnu/4.8/../../../../lib32/crt1.o
 .rel.text.uart_write
                0x0000000000000000        0x0 /usr/lib/gcc/x86_64-linux-gnu/4.8/../../../../lib32/crt1.o
 .rel.text.uart_cleanup
                0x0000000000000000        0x0 /usr/lib/gcc/x86_64-linux-gnu/4.8/../../../../lib32/crt1.o
 .rel.text.auto_init
                0x0000000000000000        0x0 /usr/lib/gcc/x86_64-linux-gnu/4.8/../../../../lib32/crt1.o
 .rel.text._async_io_isr
                0x0000000000000000        0x0 /usr/lib/gcc/x86_64-linux-gnu/4.8/../../../../lib32/crt1.o
 .rel.text.native_async_read_setup
                0x0000000000000000        0x0 /usr/lib/gcc/x86_64-linux-gnu/4.8/../../../../lib32/crt1.o
 .rel.text.native_async_read_cleanup
                0x0000000000000000        0x0 /usr/lib/gcc/x86_64-linux-gnu/4.8/../../../../lib32/crt1.o
 .rel.text.native_async_read_continue
                0x0000000000000000        0x0 /usr/lib/gcc/x86_64-linux-gnu/4.8/../../../../lib32/crt1.o
 .rel.text.native_async_read_add_handler
                0x0000000000000000        0x0 /usr/lib/gcc/x86_64-linux-gnu/4.8/../../../../lib32/crt1.o
 *(.rel.fini)
 *(.rel.rodata .rel.rodata.* .rel.gnu.linkonce.r.*)
 *(.rel.data.rel.ro .rel.data.rel.ro.* .rel.gnu.linkonce.d.rel.ro.*)
 *(.rel.data .rel.data.* .rel.gnu.linkonce.d.*)
 *(.rel.tdata .rel.tdata.* .rel.gnu.linkonce.td.*)
 *(.rel.tbss .rel.tbss.* .rel.gnu.linkonce.tb.*)
 *(.rel.ctors)
 *(.rel.dtors)
 *(.rel.got)
 .rel.got       0x0000000008048818        0x8 /usr/lib/gcc/x86_64-linux-gnu/4.8/../../../../lib32/crt1.o
 *(.rel.bss .rel.bss.* .rel.gnu.linkonce.b.*)
 .rel.bss       0x0000000008048820        0x8 /usr/lib/gcc/x86_64-linux-gnu/4.8/../../../../lib32/crt1.o
 *(.rel.ifunc)

.rel.plt        0x0000000008048828       0xc0
 *(.rel.plt)
 .rel.plt       0x0000000008048828       0xc0 /usr/lib/gcc/x86_64-linux-gnu/4.8/../../../../lib32/crt1.o
                0x00000000080488e8                PROVIDE (__rel_iplt_start, .)
 *(.rel.iplt)
 .rel.iplt      0x0000000000000000        0x0 /usr/lib/gcc/x86_64-linux-gnu/4.8/../../../../lib32/crt1.o
                0x00000000080488e8                PROVIDE (__rel_iplt_end, .)

.init           0x00000000080488e8       0x23
 *(SORT(.init))
 .init          0x00000000080488e8       0x1e /usr/lib/gcc/x86_64-linux-gnu/4.8/../../../../lib32/crti.o
                0x00000000080488e8                _init
 .init          0x0000000008048906        0x5 /usr/lib/gcc/x86_64-linux-gnu/4.8/../../../../lib32/crtn.o

.plt            0x0000000008048910      0x190
 *(.plt)
 .plt           0x0000000008048910      0x190 /usr/lib/gcc/x86_64-linux-gnu/4.8/../../../../lib32/crt1.o
                0x0000000008048920                strcmp@@GLIBC_2.0
                0x0000000008048930                sigprocmask@@GLIBC_2.0
                0x0000000008048940                setcontext@@GLIBC_2.0
                0x0000000008048950                __stack_chk_fail@@GLIBC_2.4
                0x0000000008048960                strerror@@GLIBC_2.0
                0x0000000008048980                kill@@GLIBC_2.0
                0x0000000008048990                strlen@@GLIBC_2.0
                0x00000000080489a0                __libc_start_main@@GLIBC_2.0
                0x00000000080489b0                sigdelset@@GLIBC_2.0
                0x00000000080489c0                atol@@GLIBC_2.0
                0x00000000080489d0                getcontext@@GLIBC_2.1
                0x00000000080489e0                dlsym@@GLIBC_2.0
                0x00000000080489f0                sigfillset@@GLIBC_2.0
                0x0000000008048a00                snprintf@@GLIBC_2.0
                0x0000000008048a10                swapcontext@@GLIBC_2.1
                0x0000000008048a20                __errno_location@@GLIBC_2.0
                0x0000000008048a30                fileno@@GLIBC_2.0
                0x0000000008048a40                makecontext@@GLIBC_2.1
                0x0000000008048a50                strndup@@GLIBC_2.0
                0x0000000008048a60                sigemptyset@@GLIBC_2.0
                0x0000000008048a70                vsnprintf@@GLIBC_2.0
                0x0000000008048a80                sigaction@@GLIBC_2.0
                0x0000000008048a90                sigaltstack@@GLIBC_2.0
 *(.iplt)
 .iplt          0x0000000000000000        0x0 /usr/lib/gcc/x86_64-linux-gnu/4.8/../../../../lib32/crt1.o

.text           0x0000000008048aa0     0x2f32
 *(.text.unlikely .text.*_unlikely .text.unlikely.*)
 *(.text.exit .text.exit.*)
 *(.text.startup .text.startup.*)
 .text.startup  0x0000000008048aa0      0x319 /home/decoder10/RIOT/examples/mote_app/bin/native/cpu/startup.o
 *(.text.hot .text.hot.*)
 *(.text .stub .text.* .gnu.linkonce.t.*)
 .text          0x0000000008048db9       0x22 /usr/lib/gcc/x86_64-linux-gnu/4.8/../../../../lib32/crt1.o
                0x0000000008048db9                _start
 *fill*         0x0000000008048ddb        0x5 
 .gnu.linkonce.t.__x86.get_pc_thunk.bx
                0x0000000008048de0        0x4 /usr/lib/gcc/x86_64-linux-gnu/4.8/../../../../lib32/crti.o
                0x0000000008048de0                __x86.get_pc_thunk.bx
 *fill*         0x0000000008048de4        0xc 
 .text          0x0000000008048df0       0xbd /usr/lib/gcc/x86_64-linux-gnu/4.8/32/crtbegin.o
 .text._native_null_in
                0x0000000008048ead       0x9b /home/decoder10/RIOT/examples/mote_app/bin/native/cpu/startup.o
                0x0000000008048ead                _native_null_in
 .text._native_log_stdout
                0x0000000008048f48      0x17e /home/decoder10/RIOT/examples/mote_app/bin/native/cpu/startup.o
                0x0000000008048f48                _native_log_stdout
 .text._native_log_stderr
                0x00000000080490c6      0x169 /home/decoder10/RIOT/examples/mote_app/bin/native/cpu/startup.o
                0x00000000080490c6                _native_log_stderr
 .text.daemonize
                0x000000000804922f       0xde /home/decoder10/RIOT/examples/mote_app/bin/native/cpu/startup.o
                0x000000000804922f                daemonize
 .text.filter_daemonize_argv
                0x000000000804930d       0x8d /home/decoder10/RIOT/examples/mote_app/bin/native/cpu/startup.o
 .text.usage_exit
                0x000000000804939a       0x87 /home/decoder10/RIOT/examples/mote_app/bin/native/cpu/startup.o
                0x000000000804939a                usage_exit
 .text.main     0x0000000008049421       0x33 /home/decoder10/RIOT/examples/mote_app/bin/native/mote_app.a(main.o)
                0x0000000008049421                main
 .text.board_init
                0x0000000008049454       0x3a /home/decoder10/RIOT/examples/mote_app/bin/native/board.a(board_init.o)
                0x0000000008049454                board_init
 .text.main_trampoline
                0x000000000804948e       0x45 /home/decoder10/RIOT/examples/mote_app/bin/native/core.a(kernel_init.o)
 .text.idle_thread
                0x00000000080494d3       0x3c /home/decoder10/RIOT/examples/mote_app/bin/native/core.a(kernel_init.o)
 .text.kernel_init
                0x000000000804950f       0x95 /home/decoder10/RIOT/examples/mote_app/bin/native/core.a(kernel_init.o)
                0x000000000804950f                kernel_init
 .text.cib_init
                0x00000000080495a4       0x7c /home/decoder10/RIOT/examples/mote_app/bin/native/core.a(thread.o)
 .text.thread_create
                0x0000000008049620      0x262 /home/decoder10/RIOT/examples/mote_app/bin/native/core.a(thread.o)
                0x0000000008049620                thread_create
 .text.core_panic
                0x0000000008049882       0x72 /home/decoder10/RIOT/examples/mote_app/bin/native/core.a(panic.o)
                0x0000000008049882                core_panic
 .text.clist_rpush
                0x00000000080498f4       0x61 /home/decoder10/RIOT/examples/mote_app/bin/native/core.a(sched.o)
 .text.clist_lpop
                0x0000000008049955       0x68 /home/decoder10/RIOT/examples/mote_app/bin/native/core.a(sched.o)
 .text.sched_run
                0x00000000080499bd       0xa6 /home/decoder10/RIOT/examples/mote_app/bin/native/core.a(sched.o)
                0x00000000080499bd                sched_run
 .text.sched_set_status
                0x0000000008049a63       0xf8 /home/decoder10/RIOT/examples/mote_app/bin/native/core.a(sched.o)
                0x0000000008049a63                sched_set_status
 .text.sched_switch
                0x0000000008049b5b       0x7d /home/decoder10/RIOT/examples/mote_app/bin/native/core.a(sched.o)
                0x0000000008049b5b                sched_switch
 .text.sched_task_exit
                0x0000000008049bd8       0x5a /home/decoder10/RIOT/examples/mote_app/bin/native/core.a(sched.o)
                0x0000000008049bd8                sched_task_exit
 .text.bitarithm_lsb
                0x0000000008049c32       0x46 /home/decoder10/RIOT/examples/mote_app/bin/native/core.a(bitarithm.o)
                0x0000000008049c32                bitarithm_lsb
 .text.irq_disable
                0x0000000008049c78       0x7d /home/decoder10/RIOT/examples/mote_app/bin/native/cpu.a(irq_cpu.o)
                0x0000000008049c78                irq_disable
 .text.irq_enable
                0x0000000008049cf5       0xa0 /home/decoder10/RIOT/examples/mote_app/bin/native/cpu.a(irq_cpu.o)
                0x0000000008049cf5                irq_enable
 .text.irq_restore
                0x0000000008049d95       0x3d /home/decoder10/RIOT/examples/mote_app/bin/native/cpu.a(irq_cpu.o)
                0x0000000008049d95                irq_restore
 .text.irq_is_in
                0x0000000008049dd2       0x29 /home/decoder10/RIOT/examples/mote_app/bin/native/cpu.a(irq_cpu.o)
                0x0000000008049dd2                irq_is_in
 .text._native_popsig
                0x0000000008049dfb       0x96 /home/decoder10/RIOT/examples/mote_app/bin/native/cpu.a(irq_cpu.o)
                0x0000000008049dfb                _native_popsig
 .text.native_irq_handler
                0x0000000008049e91       0x81 /home/decoder10/RIOT/examples/mote_app/bin/native/cpu.a(irq_cpu.o)
                0x0000000008049e91                native_irq_handler
 .text.isr_set_sigmask
                0x0000000008049f12       0x4b /home/decoder10/RIOT/examples/mote_app/bin/native/cpu.a(irq_cpu.o)
                0x0000000008049f12                isr_set_sigmask
 .text.native_isr_entry
                0x0000000008049f5d      0x15e /home/decoder10/RIOT/examples/mote_app/bin/native/cpu.a(irq_cpu.o)
                0x0000000008049f5d                native_isr_entry
 .text.native_shutdown
                0x000000000804a0bb       0x42 /home/decoder10/RIOT/examples/mote_app/bin/native/cpu.a(irq_cpu.o)
 .text.native_interrupt_init
                0x000000000804a0fd      0x30a /home/decoder10/RIOT/examples/mote_app/bin/native/cpu.a(irq_cpu.o)
                0x000000000804a0fd                native_interrupt_init
 .text._native_lpm_sleep
                0x000000000804a407       0x60 /home/decoder10/RIOT/examples/mote_app/bin/native/cpu.a(lpm_cpu.o)
                0x000000000804a407                _native_lpm_sleep
 .text.lpm_set  0x000000000804a467       0x98 /home/decoder10/RIOT/examples/mote_app/bin/native/cpu.a(lpm_cpu.o)
                0x000000000804a467                lpm_set
 .text.thread_stack_init
                0x000000000804a4ff       0xf3 /home/decoder10/RIOT/examples/mote_app/bin/native/cpu.a(native_cpu.o)
                0x000000000804a4ff                thread_stack_init
 .text.isr_cpu_switch_context_exit
                0x000000000804a5f2       0x7f /home/decoder10/RIOT/examples/mote_app/bin/native/cpu.a(native_cpu.o)
                0x000000000804a5f2                isr_cpu_switch_context_exit
 .text.cpu_switch_context_exit
                0x000000000804a671       0xb9 /home/decoder10/RIOT/examples/mote_app/bin/native/cpu.a(native_cpu.o)
                0x000000000804a671                cpu_switch_context_exit
 .text.isr_thread_yield
                0x000000000804a72a       0x6b /home/decoder10/RIOT/examples/mote_app/bin/native/cpu.a(native_cpu.o)
                0x000000000804a72a                isr_thread_yield
 .text.thread_yield_higher
                0x000000000804a795       0xb8 /home/decoder10/RIOT/examples/mote_app/bin/native/cpu.a(native_cpu.o)
                0x000000000804a795                thread_yield_higher
 .text.native_cpu_init
                0x000000000804a84d       0x83 /home/decoder10/RIOT/examples/mote_app/bin/native/cpu.a(native_cpu.o)
                0x000000000804a84d                native_cpu_init
 .text.panic_arch
                0x000000000804a8d0       0x39 /home/decoder10/RIOT/examples/mote_app/bin/native/cpu.a(panic.o)
                0x000000000804a8d0                panic_arch
 .text._native_syscall_enter
                0x000000000804a909       0x31 /home/decoder10/RIOT/examples/mote_app/bin/native/cpu.a(syscalls.o)
                0x000000000804a909                _native_syscall_enter
 .text._native_syscall_leave
                0x000000000804a93a      0x104 /home/decoder10/RIOT/examples/mote_app/bin/native/cpu.a(syscalls.o)
                0x000000000804a93a                _native_syscall_leave
 .text.malloc   0x000000000804aa3e       0x94 /home/decoder10/RIOT/examples/mote_app/bin/native/cpu.a(syscalls.o)
                0x000000000804aa3e                malloc
 .text.free     0x000000000804aad2       0x41 /home/decoder10/RIOT/examples/mote_app/bin/native/cpu.a(syscalls.o)
                0x000000000804aad2                free
 .text.calloc   0x000000000804ab13       0xa1 /home/decoder10/RIOT/examples/mote_app/bin/native/cpu.a(syscalls.o)
                0x000000000804ab13                calloc
 .text.realloc  0x000000000804abb4       0x54 /home/decoder10/RIOT/examples/mote_app/bin/native/cpu.a(syscalls.o)
                0x000000000804abb4                realloc
 .text._native_write
                0x000000000804ac08       0x61 /home/decoder10/RIOT/examples/mote_app/bin/native/cpu.a(syscalls.o)
                0x000000000804ac08                _native_write
 .text.putchar  0x000000000804ac69       0x4a /home/decoder10/RIOT/examples/mote_app/bin/native/cpu.a(syscalls.o)
                0x000000000804ac69                putchar
 .text.puts     0x000000000804acb3       0x5e /home/decoder10/RIOT/examples/mote_app/bin/native/cpu.a(syscalls.o)
                0x000000000804acb3                puts
 .text.make_message
                0x000000000804ad11       0xcd /home/decoder10/RIOT/examples/mote_app/bin/native/cpu.a(syscalls.o)
                0x000000000804ad11                make_message
 .text.printf   0x000000000804adde       0x51 /home/decoder10/RIOT/examples/mote_app/bin/native/cpu.a(syscalls.o)
                0x000000000804adde                printf
 .text.vprintf  0x000000000804ae2f       0x4b /home/decoder10/RIOT/examples/mote_app/bin/native/cpu.a(syscalls.o)
                0x000000000804ae2f                vprintf
 .text.fprintf  0x000000000804ae7a       0x55 /home/decoder10/RIOT/examples/mote_app/bin/native/cpu.a(syscalls.o)
                0x000000000804ae7a                fprintf
 .text.vfprintf
                0x000000000804aecf       0xa6 /home/decoder10/RIOT/examples/mote_app/bin/native/cpu.a(syscalls.o)
                0x000000000804aecf                vfprintf
 .text.vwarn    0x000000000804af75      0x151 /home/decoder10/RIOT/examples/mote_app/bin/native/cpu.a(syscalls.o)
                0x000000000804af75                vwarn
 .text.vwarnx   0x000000000804b0c6      0x101 /home/decoder10/RIOT/examples/mote_app/bin/native/cpu.a(syscalls.o)
                0x000000000804b0c6                vwarnx
 .text.verr     0x000000000804b1c7       0x42 /home/decoder10/RIOT/examples/mote_app/bin/native/cpu.a(syscalls.o)
                0x000000000804b1c7                verr
 .text.verrx    0x000000000804b209       0x42 /home/decoder10/RIOT/examples/mote_app/bin/native/cpu.a(syscalls.o)
                0x000000000804b209                verrx
 .text.warn     0x000000000804b24b       0x42 /home/decoder10/RIOT/examples/mote_app/bin/native/cpu.a(syscalls.o)
                0x000000000804b24b                warn
 .text.warnx    0x000000000804b28d       0x42 /home/decoder10/RIOT/examples/mote_app/bin/native/cpu.a(syscalls.o)
                0x000000000804b28d                warnx
 .text.err      0x000000000804b2cf       0x3c /home/decoder10/RIOT/examples/mote_app/bin/native/cpu.a(syscalls.o)
                0x000000000804b2cf                err
 .text.errx     0x000000000804b30b       0x3c /home/decoder10/RIOT/examples/mote_app/bin/native/cpu.a(syscalls.o)
                0x000000000804b30b                errx
 .text.getpid   0x000000000804b347       0x35 /home/decoder10/RIOT/examples/mote_app/bin/native/cpu.a(syscalls.o)
                0x000000000804b347                getpid
 .text._native_init_syscalls
                0x000000000804b37c      0x4b2 /home/decoder10/RIOT/examples/mote_app/bin/native/cpu.a(syscalls.o)
                0x000000000804b37c                _native_init_syscalls
 .text          0x000000000804b82e       0x2e /home/decoder10/RIOT/examples/mote_app/bin/native/cpu.a(tramp.o)
                0x000000000804b82e                _native_sig_leave_tramp
 .text.show     0x000000000804b85c       0x30 /home/decoder10/RIOT/examples/mote_app/bin/native/mote.a(mote.o)
                0x000000000804b85c                show
 .text._native_LED_GREEN_ON
                0x000000000804b88c       0x30 /home/decoder10/RIOT/examples/mote_app/bin/native/native-drivers.a(native-led.o)
                0x000000000804b88c                _native_LED_GREEN_ON
 .text._native_LED_RED_OFF
                0x000000000804b8bc       0x30 /home/decoder10/RIOT/examples/mote_app/bin/native/native-drivers.a(native-led.o)
                0x000000000804b8bc                _native_LED_RED_OFF
 .text.tty_uart_setup
                0x000000000804b8ec       0x4f /home/decoder10/RIOT/examples/mote_app/bin/native/periph.a(uart.o)
                0x000000000804b8ec                tty_uart_setup
 .text.auto_init
                0x000000000804b93b       0x24 /home/decoder10/RIOT/examples/mote_app/bin/native/auto_init.a(auto_init.o)
                0x000000000804b93b                auto_init
 *fill*         0x000000000804b95f        0x1 
 .text          0x000000000804b960       0x72 /usr/lib32/libc_nonshared.a(elf-init.oS)
                0x000000000804b960                __libc_csu_init
                0x000000000804b9d0                __libc_csu_fini
 *(.gnu.warning)

.fini           0x000000000804b9d4       0x14
 *(SORT(.fini))
 .fini          0x000000000804b9d4        0xf /usr/lib/gcc/x86_64-linux-gnu/4.8/../../../../lib32/crti.o
                0x000000000804b9d4                _fini
 .fini          0x000000000804b9e3        0x5 /usr/lib/gcc/x86_64-linux-gnu/4.8/../../../../lib32/crtn.o
                0x000000000804b9e8                PROVIDE (__etext, .)
                0x000000000804b9e8                PROVIDE (_etext, .)
                0x000000000804b9e8                PROVIDE (etext, .)

.rodata         0x000000000804b9e8      0xc8e
 *(.rodata .rodata.* .gnu.linkonce.r.*)
 .rodata.cst4   0x000000000804b9e8        0x4 /usr/lib/gcc/x86_64-linux-gnu/4.8/../../../../lib32/crt1.o
                0x000000000804b9e8                _IO_stdin_used
 .rodata        0x000000000804b9ec      0x457 /home/decoder10/RIOT/examples/mote_app/bin/native/cpu/startup.o
 *fill*         0x000000000804be43        0x1 
 .rodata        0x000000000804be44       0x1f /home/decoder10/RIOT/examples/mote_app/bin/native/board.a(board_init.o)
 *fill*         0x000000000804be63        0x1 
 .rodata        0x000000000804be64       0x4e /home/decoder10/RIOT/examples/mote_app/bin/native/core.a(kernel_init.o)
 .rodata.assert_crash_message
                0x000000000804beb2       0x12 /home/decoder10/RIOT/examples/mote_app/bin/native/core.a(panic.o)
                0x000000000804beb2                assert_crash_message
 .rodata        0x000000000804bec4       0x2d /home/decoder10/RIOT/examples/mote_app/bin/native/core.a(panic.o)
 *fill*         0x000000000804bef1        0x3 
 .rodata        0x000000000804bef4      0x3bc /home/decoder10/RIOT/examples/mote_app/bin/native/cpu.a(irq_cpu.o)
 .rodata        0x000000000804c2b0       0x6c /home/decoder10/RIOT/examples/mote_app/bin/native/cpu.a(lpm_cpu.o)
 .rodata.lpm_set
                0x000000000804c31c       0x14 /home/decoder10/RIOT/examples/mote_app/bin/native/cpu.a(lpm_cpu.o)
 .rodata        0x000000000804c330      0x165 /home/decoder10/RIOT/examples/mote_app/bin/native/cpu.a(native_cpu.o)
 *fill*         0x000000000804c495        0x3 
 .rodata        0x000000000804c498      0x17e /home/decoder10/RIOT/examples/mote_app/bin/native/cpu.a(syscalls.o)
 .rodata        0x000000000804c616        0xe /home/decoder10/RIOT/examples/mote_app/bin/native/mote.a(mote.o)
 .rodata        0x000000000804c624       0x52 /home/decoder10/RIOT/examples/mote_app/bin/native/native-drivers.a(native-led.o)

.rodata1
 *(.rodata1)

.eh_frame_hdr   0x000000000804c678      0x24c
 *(.eh_frame_hdr)
 .eh_frame_hdr  0x000000000804c678      0x24c /home/decoder10/RIOT/examples/mote_app/bin/native/cpu/startup.o

.eh_frame       0x000000000804c8c4      0x96c
 *(.eh_frame)
 .eh_frame      0x000000000804c8c4       0x40 /usr/lib/gcc/x86_64-linux-gnu/4.8/../../../../lib32/crt1.o
 .eh_frame      0x000000000804c904       0xf4 /home/decoder10/RIOT/examples/mote_app/bin/native/cpu/startup.o
 .eh_frame      0x000000000804c9f8       0x20 /home/decoder10/RIOT/examples/mote_app/bin/native/mote_app.a(main.o)
                                         0x38 (size before relaxing)
 .eh_frame      0x000000000804ca18       0x20 /home/decoder10/RIOT/examples/mote_app/bin/native/board.a(board_init.o)
                                         0x38 (size before relaxing)
 .eh_frame      0x000000000804ca38       0x58 /home/decoder10/RIOT/examples/mote_app/bin/native/core.a(kernel_init.o)
                                         0x70 (size before relaxing)
 .eh_frame      0x000000000804ca90       0x40 /home/decoder10/RIOT/examples/mote_app/bin/native/core.a(thread.o)
                                        0x198 (size before relaxing)
 .eh_frame      0x000000000804cad0       0x1c /home/decoder10/RIOT/examples/mote_app/bin/native/core.a(panic.o)
                                         0x34 (size before relaxing)
 .eh_frame      0x000000000804caec       0xbc /home/decoder10/RIOT/examples/mote_app/bin/native/core.a(sched.o)
                                         0xd4 (size before relaxing)
 .eh_frame      0x000000000804cba8       0x28 /home/decoder10/RIOT/examples/mote_app/bin/native/core.a(bitarithm.o)
                                         0x84 (size before relaxing)
 .eh_frame      0x000000000804cbd0      0x150 /home/decoder10/RIOT/examples/mote_app/bin/native/cpu.a(irq_cpu.o)
                                        0x284 (size before relaxing)
 .eh_frame      0x000000000804cd20       0x40 /home/decoder10/RIOT/examples/mote_app/bin/native/cpu.a(lpm_cpu.o)
                                         0xf8 (size before relaxing)
 .eh_frame      0x000000000804cd60       0xb8 /home/decoder10/RIOT/examples/mote_app/bin/native/cpu.a(native_cpu.o)
                                        0x110 (size before relaxing)
 .eh_frame      0x000000000804ce18       0x20 /home/decoder10/RIOT/examples/mote_app/bin/native/cpu.a(panic.o)
                                         0x38 (size before relaxing)
 .eh_frame      0x000000000804ce38      0x304 /home/decoder10/RIOT/examples/mote_app/bin/native/cpu.a(syscalls.o)
                                        0x35c (size before relaxing)
 .eh_frame      0x000000000804d13c       0x20 /home/decoder10/RIOT/examples/mote_app/bin/native/mote.a(mote.o)
                                         0x38 (size before relaxing)
 .eh_frame      0x000000000804d15c       0x40 /home/decoder10/RIOT/examples/mote_app/bin/native/native-drivers.a(native-led.o)
                                         0xd8 (size before relaxing)
 .eh_frame      0x000000000804d19c       0x20 /home/decoder10/RIOT/examples/mote_app/bin/native/periph.a(uart.o)
                                         0xb8 (size before relaxing)
 .eh_frame      0x000000000804d1bc       0x20 /home/decoder10/RIOT/examples/mote_app/bin/native/auto_init.a(auto_init.o)
                                         0x38 (size before relaxing)
 .eh_frame      0x000000000804d1dc        0x0 /home/decoder10/RIOT/examples/mote_app/bin/native/cpu.a(async_read.o)
                                         0xc8 (size before relaxing)
 .eh_frame      0x000000000804d1dc       0x50 /usr/lib32/libc_nonshared.a(elf-init.oS)
                                         0x7c (size before relaxing)
 .eh_frame      0x000000000804d22c        0x4 /usr/lib/gcc/x86_64-linux-gnu/4.8/32/crtend.o

.gcc_except_table
 *(.gcc_except_table .gcc_except_table.*)

.exception_ranges
 *(.exception_ranges .exception_ranges*)
                0x000000000804d230                . = (ALIGN (0x1000) - ((0x1000 - .) & 0xfff))
                0x000000000804eefc                . = DATA_SEGMENT_ALIGN (0x1000, 0x1000)

.eh_frame
 *(.eh_frame)

.gcc_except_table
 *(.gcc_except_table .gcc_except_table.*)

.exception_ranges
 *(.exception_ranges .exception_ranges*)

.tdata
 *(.tdata .tdata.* .gnu.linkonce.td.*)

.tbss
 *(.tbss .tbss.* .gnu.linkonce.tb.*)
 *(.tcommon)

.preinit_array  0x000000000804eefc        0x0
                0x000000000804eefc                PROVIDE (__preinit_array_start, .)
 *(.preinit_array)
                0x000000000804eefc                PROVIDE (__preinit_array_end, .)

.init_array     0x000000000804eefc        0x8
                0x000000000804eefc                PROVIDE (__init_array_start, .)
 *(SORT(.init_array.*) SORT(.ctors.*))
 *(.init_array EXCLUDE_FILE(*crtend?.o *crtend.o *crtbegin?.o *crtbegin.o) .ctors)
 .init_array    0x000000000804eefc        0x4 /usr/lib/gcc/x86_64-linux-gnu/4.8/32/crtbegin.o
 .init_array    0x000000000804ef00        0x4 /home/decoder10/RIOT/examples/mote_app/bin/native/cpu/startup.o
                0x000000000804ef04                PROVIDE (__init_array_end, .)

.fini_array     0x000000000804ef04        0x4
                0x000000000804ef04                PROVIDE (__fini_array_start, .)
 *(SORT(.fini_array.*) SORT(.dtors.*))
 *(.fini_array EXCLUDE_FILE(*crtend?.o *crtend.o *crtbegin?.o *crtbegin.o) .dtors)
 .fini_array    0x000000000804ef04        0x4 /usr/lib/gcc/x86_64-linux-gnu/4.8/32/crtbegin.o
                0x000000000804ef08                PROVIDE (__fini_array_end, .)

.ctors
 *crtbegin.o(.ctors)
 *crtbegin?.o(.ctors)
 *(EXCLUDE_FILE(*crtend?.o *crtend.o) .ctors)
 *(SORT(.ctors.*))
 *(.ctors)

.dtors
 *crtbegin.o(.dtors)
 *crtbegin?.o(.dtors)
 *(EXCLUDE_FILE(*crtend?.o *crtend.o) .dtors)
 *(SORT(.dtors.*))
 *(.dtors)

.jcr            0x000000000804ef08        0x4
 *(.jcr)
 .jcr           0x000000000804ef08        0x0 /usr/lib/gcc/x86_64-linux-gnu/4.8/32/crtbegin.o
 .jcr           0x000000000804ef08        0x4 /usr/lib/gcc/x86_64-linux-gnu/4.8/32/crtend.o

.data.rel.ro
 *(.data.rel.ro.local* .gnu.linkonce.d.rel.ro.local.*)
 *(.data.rel.ro .data.rel.ro.* .gnu.linkonce.d.rel.ro.*)

.dynamic        0x000000000804ef0c       0xf0
 *(.dynamic)
 .dynamic       0x000000000804ef0c       0xf0 /usr/lib/gcc/x86_64-linux-gnu/4.8/../../../../lib32/crt1.o
                0x000000000804ef0c                _DYNAMIC

.got            0x000000000804effc        0x4
 *(.got)
 .got           0x000000000804effc        0x4 /usr/lib/gcc/x86_64-linux-gnu/4.8/../../../../lib32/crt1.o
 *(.igot)
                0x000000000804fff4                . = DATA_SEGMENT_RELRO_END (., (SIZEOF (.got.plt) >= 0xc)?0xc:0x0)

.got.plt        0x000000000804f000       0x6c
 *(.got.plt)
 .got.plt       0x000000000804f000       0x6c /usr/lib/gcc/x86_64-linux-gnu/4.8/../../../../lib32/crt1.o
                0x000000000804f000                _GLOBAL_OFFSET_TABLE_
 *(.igot.plt)
 .igot.plt      0x0000000000000000        0x0 /usr/lib/gcc/x86_64-linux-gnu/4.8/../../../../lib32/crt1.o

.data           0x000000000804f06c        0x8
 *(.data .data.* .gnu.linkonce.d.*)
 .data.main_name
                0x000000000804f06c        0x4 /home/decoder10/RIOT/examples/mote_app/bin/native/core.a(kernel_init.o)
                0x000000000804f06c                main_name
 .data.idle_name
                0x000000000804f070        0x4 /home/decoder10/RIOT/examples/mote_app/bin/native/core.a(kernel_init.o)
                0x000000000804f070                idle_name

.tm_clone_table
                0x000000000804f074        0x0
 .tm_clone_table
                0x000000000804f074        0x0 /usr/lib/gcc/x86_64-linux-gnu/4.8/32/crtbegin.o
 .tm_clone_table
                0x000000000804f074        0x0 /usr/lib/gcc/x86_64-linux-gnu/4.8/32/crtend.o

.data1
 *(.data1)
                0x000000000804f074                _edata = .
                0x000000000804f074                PROVIDE (edata, .)
                0x000000000804f074                . = .
                0x000000000804f074                __bss_start = .

.bss            0x000000000804f080     0xba18
 *(.dynbss)
 .dynbss        0x000000000804f080        0x4 /usr/lib/gcc/x86_64-linux-gnu/4.8/../../../../lib32/crt1.o
                0x000000000804f080                stdout@@GLIBC_2.0
 *(.bss .bss.* .gnu.linkonce.b.*)
 .bss           0x000000000804f084        0x1 /usr/lib/gcc/x86_64-linux-gnu/4.8/32/crtbegin.o
 *fill*         0x000000000804f085        0x3 
 .bss._native_null_in_pipe
                0x000000000804f088        0x8 /home/decoder10/RIOT/examples/mote_app/bin/native/cpu/startup.o
                0x000000000804f088                _native_null_in_pipe
 .bss._native_null_out_file
                0x000000000804f090        0x4 /home/decoder10/RIOT/examples/mote_app/bin/native/cpu/startup.o
                0x000000000804f090                _native_null_out_file
 .bss._progname
                0x000000000804f094        0x4 /home/decoder10/RIOT/examples/mote_app/bin/native/cpu/startup.o
                0x000000000804f094                _progname
 .bss._native_argv
                0x000000000804f098        0x4 /home/decoder10/RIOT/examples/mote_app/bin/native/cpu/startup.o
                0x000000000804f098                _native_argv
 .bss._native_pid
                0x000000000804f09c        0x4 /home/decoder10/RIOT/examples/mote_app/bin/native/cpu/startup.o
                0x000000000804f09c                _native_pid
 .bss._native_id
                0x000000000804f0a0        0x4 /home/decoder10/RIOT/examples/mote_app/bin/native/cpu/startup.o
                0x000000000804f0a0                _native_id
 .bss._native_rng_seed
                0x000000000804f0a4        0x4 /home/decoder10/RIOT/examples/mote_app/bin/native/cpu/startup.o
                0x000000000804f0a4                _native_rng_seed
 .bss._native_rng_mode
                0x000000000804f0a8        0x4 /home/decoder10/RIOT/examples/mote_app/bin/native/cpu/startup.o
                0x000000000804f0a8                _native_rng_mode
 .bss.lpm_prevent_sleep
                0x000000000804f0ac        0x4 /home/decoder10/RIOT/examples/mote_app/bin/native/core.a(kernel_init.o)
                0x000000000804f0ac                lpm_prevent_sleep
 *fill*         0x000000000804f0b0       0x10 
 .bss.main_stack
                0x000000000804f0c0     0x3000 /home/decoder10/RIOT/examples/mote_app/bin/native/core.a(kernel_init.o)
 .bss.idle_stack
                0x00000000080520c0     0x2000 /home/decoder10/RIOT/examples/mote_app/bin/native/core.a(kernel_init.o)
 .bss.crashed   0x00000000080540c0        0x4 /home/decoder10/RIOT/examples/mote_app/bin/native/core.a(panic.o)
 .bss.sched_num_threads
                0x00000000080540c4        0x4 /home/decoder10/RIOT/examples/mote_app/bin/native/core.a(sched.o)
                0x00000000080540c4                sched_num_threads
 .bss.sched_context_switch_request
                0x00000000080540c8        0x4 /home/decoder10/RIOT/examples/mote_app/bin/native/core.a(sched.o)
                0x00000000080540c8                sched_context_switch_request
 *fill*         0x00000000080540cc       0x14 
 .bss.sched_threads
                0x00000000080540e0       0x84 /home/decoder10/RIOT/examples/mote_app/bin/native/core.a(sched.o)
                0x00000000080540e0                sched_threads
 .bss.sched_active_thread
                0x0000000008054164        0x4 /home/decoder10/RIOT/examples/mote_app/bin/native/core.a(sched.o)
                0x0000000008054164                sched_active_thread
 .bss.sched_active_pid
                0x0000000008054168        0x2 /home/decoder10/RIOT/examples/mote_app/bin/native/core.a(sched.o)
                0x0000000008054168                sched_active_pid
 *fill*         0x000000000805416a       0x16 
 .bss.sched_runqueues
                0x0000000008054180       0x40 /home/decoder10/RIOT/examples/mote_app/bin/native/core.a(sched.o)
                0x0000000008054180                sched_runqueues
 .bss.runqueue_bitcache
                0x00000000080541c0        0x4 /home/decoder10/RIOT/examples/mote_app/bin/native/core.a(sched.o)
 .bss.native_interrupts_enabled
                0x00000000080541c4        0x4 /home/decoder10/RIOT/examples/mote_app/bin/native/cpu.a(irq_cpu.o)
                0x00000000080541c4                native_interrupts_enabled
 .bss._native_in_isr
                0x00000000080541c8        0x4 /home/decoder10/RIOT/examples/mote_app/bin/native/cpu.a(irq_cpu.o)
                0x00000000080541c8                _native_in_isr
 .bss._native_in_syscall
                0x00000000080541cc        0x4 /home/decoder10/RIOT/examples/mote_app/bin/native/cpu.a(irq_cpu.o)
                0x00000000080541cc                _native_in_syscall
 *fill*         0x00000000080541d0       0x10 
 .bss._native_sig_set
                0x00000000080541e0       0x80 /home/decoder10/RIOT/examples/mote_app/bin/native/cpu.a(irq_cpu.o)
 .bss._native_sig_set_dint
                0x0000000008054260       0x80 /home/decoder10/RIOT/examples/mote_app/bin/native/cpu.a(irq_cpu.o)
 .bss.__isr_stack
                0x00000000080542e0     0x2000 /home/decoder10/RIOT/examples/mote_app/bin/native/cpu.a(irq_cpu.o)
                0x00000000080542e0                __isr_stack
 .bss.native_isr_context
                0x00000000080562e0      0x15c /home/decoder10/RIOT/examples/mote_app/bin/native/cpu.a(irq_cpu.o)
                0x00000000080562e0                native_isr_context
 .bss._native_cur_ctx
                0x000000000805643c        0x4 /home/decoder10/RIOT/examples/mote_app/bin/native/cpu.a(irq_cpu.o)
                0x000000000805643c                _native_cur_ctx
 .bss._native_isr_ctx
                0x0000000008056440        0x4 /home/decoder10/RIOT/examples/mote_app/bin/native/cpu.a(irq_cpu.o)
                0x0000000008056440                _native_isr_ctx
 .bss._native_saved_eip
                0x0000000008056444        0x4 /home/decoder10/RIOT/examples/mote_app/bin/native/cpu.a(irq_cpu.o)
                0x0000000008056444                _native_saved_eip
 .bss._native_sigpend
                0x0000000008056448        0x4 /home/decoder10/RIOT/examples/mote_app/bin/native/cpu.a(irq_cpu.o)
                0x0000000008056448                _native_sigpend
 .bss._sig_pipefd
                0x000000000805644c        0x8 /home/decoder10/RIOT/examples/mote_app/bin/native/cpu.a(irq_cpu.o)
                0x000000000805644c                _sig_pipefd
 *fill*         0x0000000008056454        0xc 
 .bss.native_irq_handlers
                0x0000000008056460      0x3fc /home/decoder10/RIOT/examples/mote_app/bin/native/cpu.a(irq_cpu.o)
 *fill*         0x000000000805685c        0x4 
 .bss.sigalt_stk
                0x0000000008056860     0x2000 /home/decoder10/RIOT/examples/mote_app/bin/native/cpu.a(irq_cpu.o)
                0x0000000008056860                sigalt_stk
 .bss.sigstk.5040
                0x0000000008058860        0xc /home/decoder10/RIOT/examples/mote_app/bin/native/cpu.a(irq_cpu.o)
 .bss.native_lpm
                0x000000000805886c        0x4 /home/decoder10/RIOT/examples/mote_app/bin/native/cpu.a(lpm_cpu.o)
 *fill*         0x0000000008058870       0x10 
 .bss.end_context
                0x0000000008058880      0x15c /home/decoder10/RIOT/examples/mote_app/bin/native/cpu.a(native_cpu.o)
                0x0000000008058880                end_context
 *fill*         0x00000000080589dc        0x4 
 .bss.__end_stack
                0x00000000080589e0     0x2000 /home/decoder10/RIOT/examples/mote_app/bin/native/cpu.a(native_cpu.o)
                0x00000000080589e0                __end_stack
 .bss.real_read
                0x000000000805a9e0        0x4 /home/decoder10/RIOT/examples/mote_app/bin/native/cpu.a(syscalls.o)
                0x000000000805a9e0                real_read
 .bss.real_write
                0x000000000805a9e4        0x4 /home/decoder10/RIOT/examples/mote_app/bin/native/cpu.a(syscalls.o)
                0x000000000805a9e4                real_write
 .bss.real_fread
                0x000000000805a9e8        0x4 /home/decoder10/RIOT/examples/mote_app/bin/native/cpu.a(syscalls.o)
                0x000000000805a9e8                real_fread
 .bss.real_clearerr
                0x000000000805a9ec        0x4 /home/decoder10/RIOT/examples/mote_app/bin/native/cpu.a(syscalls.o)
                0x000000000805a9ec                real_clearerr
 .bss.real_exit
                0x000000000805a9f0        0x4 /home/decoder10/RIOT/examples/mote_app/bin/native/cpu.a(syscalls.o)
                0x000000000805a9f0                real_exit
 .bss.real_free
                0x000000000805a9f4        0x4 /home/decoder10/RIOT/examples/mote_app/bin/native/cpu.a(syscalls.o)
                0x000000000805a9f4                real_free
 .bss.real_malloc
                0x000000000805a9f8        0x4 /home/decoder10/RIOT/examples/mote_app/bin/native/cpu.a(syscalls.o)
                0x000000000805a9f8                real_malloc
 .bss.real_calloc
                0x000000000805a9fc        0x4 /home/decoder10/RIOT/examples/mote_app/bin/native/cpu.a(syscalls.o)
                0x000000000805a9fc                real_calloc
 .bss.real_realloc
                0x000000000805aa00        0x4 /home/decoder10/RIOT/examples/mote_app/bin/native/cpu.a(syscalls.o)
                0x000000000805aa00                real_realloc
 .bss.real_freeaddrinfo
                0x000000000805aa04        0x4 /home/decoder10/RIOT/examples/mote_app/bin/native/cpu.a(syscalls.o)
                0x000000000805aa04                real_freeaddrinfo
 .bss.real_freeifaddrs
                0x000000000805aa08        0x4 /home/decoder10/RIOT/examples/mote_app/bin/native/cpu.a(syscalls.o)
                0x000000000805aa08                real_freeifaddrs
 .bss.real_srandom
                0x000000000805aa0c        0x4 /home/decoder10/RIOT/examples/mote_app/bin/native/cpu.a(syscalls.o)
                0x000000000805aa0c                real_srandom
 .bss.real_accept
                0x000000000805aa10        0x4 /home/decoder10/RIOT/examples/mote_app/bin/native/cpu.a(syscalls.o)
                0x000000000805aa10                real_accept
 .bss.real_bind
                0x000000000805aa14        0x4 /home/decoder10/RIOT/examples/mote_app/bin/native/cpu.a(syscalls.o)
                0x000000000805aa14                real_bind
 .bss.real_printf
                0x000000000805aa18        0x4 /home/decoder10/RIOT/examples/mote_app/bin/native/cpu.a(syscalls.o)
                0x000000000805aa18                real_printf
 .bss.real_getaddrinfo
                0x000000000805aa1c        0x4 /home/decoder10/RIOT/examples/mote_app/bin/native/cpu.a(syscalls.o)
                0x000000000805aa1c                real_getaddrinfo
 .bss.real_getifaddrs
                0x000000000805aa20        0x4 /home/decoder10/RIOT/examples/mote_app/bin/native/cpu.a(syscalls.o)
                0x000000000805aa20                real_getifaddrs
 .bss.real_getpid
                0x000000000805aa24        0x4 /home/decoder10/RIOT/examples/mote_app/bin/native/cpu.a(syscalls.o)
                0x000000000805aa24                real_getpid
 .bss.real_chdir
                0x000000000805aa28        0x4 /home/decoder10/RIOT/examples/mote_app/bin/native/cpu.a(syscalls.o)
                0x000000000805aa28                real_chdir
 .bss.real_close
                0x000000000805aa2c        0x4 /home/decoder10/RIOT/examples/mote_app/bin/native/cpu.a(syscalls.o)
                0x000000000805aa2c                real_close
 .bss.real_creat
                0x000000000805aa30        0x4 /home/decoder10/RIOT/examples/mote_app/bin/native/cpu.a(syscalls.o)
                0x000000000805aa30                real_creat
 .bss.real_dup2
                0x000000000805aa34        0x4 /home/decoder10/RIOT/examples/mote_app/bin/native/cpu.a(syscalls.o)
                0x000000000805aa34                real_dup2
 .bss.real_execve
                0x000000000805aa38        0x4 /home/decoder10/RIOT/examples/mote_app/bin/native/cpu.a(syscalls.o)
                0x000000000805aa38                real_execve
 .bss.real_fork
                0x000000000805aa3c        0x4 /home/decoder10/RIOT/examples/mote_app/bin/native/cpu.a(syscalls.o)
                0x000000000805aa3c                real_fork
 .bss.real_feof
                0x000000000805aa40        0x4 /home/decoder10/RIOT/examples/mote_app/bin/native/cpu.a(syscalls.o)
                0x000000000805aa40                real_feof
 .bss.real_ferror
                0x000000000805aa44        0x4 /home/decoder10/RIOT/examples/mote_app/bin/native/cpu.a(syscalls.o)
                0x000000000805aa44                real_ferror
 .bss.real_listen
                0x000000000805aa48        0x4 /home/decoder10/RIOT/examples/mote_app/bin/native/cpu.a(syscalls.o)
                0x000000000805aa48                real_listen
 .bss.real_ioctl
                0x000000000805aa4c        0x4 /home/decoder10/RIOT/examples/mote_app/bin/native/cpu.a(syscalls.o)
                0x000000000805aa4c                real_ioctl
 .bss.real_open
                0x000000000805aa50        0x4 /home/decoder10/RIOT/examples/mote_app/bin/native/cpu.a(syscalls.o)
                0x000000000805aa50                real_open
 .bss.real_pause
                0x000000000805aa54        0x4 /home/decoder10/RIOT/examples/mote_app/bin/native/cpu.a(syscalls.o)
                0x000000000805aa54                real_pause
 .bss.real_pipe
                0x000000000805aa58        0x4 /home/decoder10/RIOT/examples/mote_app/bin/native/cpu.a(syscalls.o)
                0x000000000805aa58                real_pipe
 .bss.real_select
                0x000000000805aa5c        0x4 /home/decoder10/RIOT/examples/mote_app/bin/native/cpu.a(syscalls.o)
                0x000000000805aa5c                real_select
 .bss.real_setitimer
                0x000000000805aa60        0x4 /home/decoder10/RIOT/examples/mote_app/bin/native/cpu.a(syscalls.o)
                0x000000000805aa60                real_setitimer
 .bss.real_setsid
                0x000000000805aa64        0x4 /home/decoder10/RIOT/examples/mote_app/bin/native/cpu.a(syscalls.o)
                0x000000000805aa64                real_setsid
 .bss.real_setsockopt
                0x000000000805aa68        0x4 /home/decoder10/RIOT/examples/mote_app/bin/native/cpu.a(syscalls.o)
                0x000000000805aa68                real_setsockopt
 .bss.real_socket
                0x000000000805aa6c        0x4 /home/decoder10/RIOT/examples/mote_app/bin/native/cpu.a(syscalls.o)
                0x000000000805aa6c                real_socket
 .bss.real_unlink
                0x000000000805aa70        0x4 /home/decoder10/RIOT/examples/mote_app/bin/native/cpu.a(syscalls.o)
                0x000000000805aa70                real_unlink
 .bss.real_random
                0x000000000805aa74        0x4 /home/decoder10/RIOT/examples/mote_app/bin/native/cpu.a(syscalls.o)
                0x000000000805aa74                real_random
 .bss.real_gai_strerror
                0x000000000805aa78        0x4 /home/decoder10/RIOT/examples/mote_app/bin/native/cpu.a(syscalls.o)
                0x000000000805aa78                real_gai_strerror
 .bss.real_fopen
                0x000000000805aa7c        0x4 /home/decoder10/RIOT/examples/mote_app/bin/native/cpu.a(syscalls.o)
                0x000000000805aa7c                real_fopen
 .bss.real_umask
                0x000000000805aa80        0x4 /home/decoder10/RIOT/examples/mote_app/bin/native/cpu.a(syscalls.o)
                0x000000000805aa80                real_umask
 .bss.real_writev
                0x000000000805aa84        0x4 /home/decoder10/RIOT/examples/mote_app/bin/native/cpu.a(syscalls.o)
                0x000000000805aa84                real_writev
 .bss.real_clock_gettime
                0x000000000805aa88        0x4 /home/decoder10/RIOT/examples/mote_app/bin/native/cpu.a(syscalls.o)
                0x000000000805aa88                real_clock_gettime
 .bss._native_in_malloc
                0x000000000805aa8c        0x4 /home/decoder10/RIOT/examples/mote_app/bin/native/cpu.a(syscalls.o)
                0x000000000805aa8c                _native_in_malloc
 .bss._native_in_calloc
                0x000000000805aa90        0x4 /home/decoder10/RIOT/examples/mote_app/bin/native/cpu.a(syscalls.o)
                0x000000000805aa90                _native_in_calloc
 .bss.tty_device_filenames
                0x000000000805aa94        0x4 /home/decoder10/RIOT/examples/mote_app/bin/native/periph.a(uart.o)
 *(COMMON)
                0x000000000805aa98                . = ALIGN ((. != 0x0)?0x4:0x1)
                0x000000000805aa98                . = ALIGN (0x4)
                0x000000000805aa98                . = SEGMENT_START ("ldata-segment", .)
                0x000000000805aa98                . = ALIGN (0x4)
                0x000000000805aa98                _end = .
                0x000000000805aa98                PROVIDE (end, .)
                0x000000000805aa98                . = DATA_SEGMENT_END (.)

.stab
 *(.stab)

.stabstr
 *(.stabstr)

.stab.excl
 *(.stab.excl)

.stab.exclstr
 *(.stab.exclstr)

.stab.index
 *(.stab.index)

.stab.indexstr
 *(.stab.indexstr)

.comment        0x0000000000000000       0x2b
 *(.comment)
 .comment       0x0000000000000000       0x2b /usr/lib/gcc/x86_64-linux-gnu/4.8/32/crtbegin.o
                                         0x2c (size before relaxing)
 .comment       0x0000000000000000       0x2c /home/decoder10/RIOT/examples/mote_app/bin/native/cpu/startup.o
 .comment       0x0000000000000000       0x2c /home/decoder10/RIOT/examples/mote_app/bin/native/mote_app.a(main.o)
 .comment       0x0000000000000000       0x2c /home/decoder10/RIOT/examples/mote_app/bin/native/board.a(board_init.o)
 .comment       0x0000000000000000       0x2c /home/decoder10/RIOT/examples/mote_app/bin/native/core.a(kernel_init.o)
 .comment       0x0000000000000000       0x2c /home/decoder10/RIOT/examples/mote_app/bin/native/core.a(thread.o)
 .comment       0x0000000000000000       0x2c /home/decoder10/RIOT/examples/mote_app/bin/native/core.a(panic.o)
 .comment       0x0000000000000000       0x2c /home/decoder10/RIOT/examples/mote_app/bin/native/core.a(sched.o)
 .comment       0x0000000000000000       0x2c /home/decoder10/RIOT/examples/mote_app/bin/native/core.a(bitarithm.o)
 .comment       0x0000000000000000       0x2c /home/decoder10/RIOT/examples/mote_app/bin/native/cpu.a(irq_cpu.o)
 .comment       0x0000000000000000       0x2c /home/decoder10/RIOT/examples/mote_app/bin/native/cpu.a(lpm_cpu.o)
 .comment       0x0000000000000000       0x2c /home/decoder10/RIOT/examples/mote_app/bin/native/cpu.a(native_cpu.o)
 .comment       0x0000000000000000       0x2c /home/decoder10/RIOT/examples/mote_app/bin/native/cpu.a(panic.o)
 .comment       0x0000000000000000       0x2c /home/decoder10/RIOT/examples/mote_app/bin/native/cpu.a(syscalls.o)
 .comment       0x0000000000000000       0x2c /home/decoder10/RIOT/examples/mote_app/bin/native/mote.a(mote.o)
 .comment       0x0000000000000000       0x2c /home/decoder10/RIOT/examples/mote_app/bin/native/native-drivers.a(native-led.o)
 .comment       0x0000000000000000       0x2c /home/decoder10/RIOT/examples/mote_app/bin/native/periph.a(uart.o)
 .comment       0x0000000000000000       0x2c /home/decoder10/RIOT/examples/mote_app/bin/native/auto_init.a(auto_init.o)
 .comment       0x0000000000000000       0x2c /home/decoder10/RIOT/examples/mote_app/bin/native/cpu.a(async_read.o)
 .comment       0x0000000000000000       0x2c /usr/lib32/libc_nonshared.a(elf-init.oS)
 .comment       0x0000000000000000       0x2c /usr/lib/gcc/x86_64-linux-gnu/4.8/32/crtend.o

.debug
 *(.debug)

.line
 *(.line)

.debug_srcinfo
 *(.debug_srcinfo)

.debug_sfnames
 *(.debug_sfnames)

.debug_aranges
 *(.debug_aranges)

.debug_pubnames
 *(.debug_pubnames)

.debug_info
 *(.debug_info .gnu.linkonce.wi.*)

.debug_abbrev
 *(.debug_abbrev)

.debug_line
 *(.debug_line .debug_line.* .debug_line_end)

.debug_frame
 *(.debug_frame)

.debug_str
 *(.debug_str)

.debug_loc
 *(.debug_loc)

.debug_macinfo
 *(.debug_macinfo)

.debug_weaknames
 *(.debug_weaknames)

.debug_funcnames
 *(.debug_funcnames)

.debug_typenames
 *(.debug_typenames)

.debug_varnames
 *(.debug_varnames)

.debug_pubtypes
 *(.debug_pubtypes)

.debug_ranges
 *(.debug_ranges)

.debug_macro
 *(.debug_macro)

.gnu.attributes
 *(.gnu.attributes)

/DISCARD/
 *(.note.GNU-stack)
 *(.gnu_debuglink)
 *(.gnu.lto_*)
OUTPUT(/home/decoder10/RIOT/examples/mote_app/bin/native/mote_app.elf elf32-i386)

Cross Reference Table

Symbol                                            File
GCC_3.0                                           /lib32/libc.so.6
GLIBC_2.0                                         /usr/lib/gcc/x86_64-linux-gnu/4.8/../../../../lib32/libdl.so
                                                  /lib32/ld-linux.so.2
                                                  /lib32/libc.so.6
GLIBC_2.1                                         /usr/lib/gcc/x86_64-linux-gnu/4.8/../../../../lib32/libdl.so
                                                  /lib32/ld-linux.so.2
                                                  /lib32/libc.so.6
GLIBC_2.1.1                                       /lib32/libc.so.6
GLIBC_2.1.2                                       /lib32/libc.so.6
GLIBC_2.1.3                                       /lib32/libc.so.6
GLIBC_2.10                                        /lib32/libc.so.6
GLIBC_2.11                                        /lib32/libc.so.6
GLIBC_2.12                                        /lib32/libc.so.6
GLIBC_2.13                                        /lib32/libc.so.6
GLIBC_2.14                                        /lib32/libc.so.6
GLIBC_2.15                                        /lib32/libc.so.6
GLIBC_2.16                                        /lib32/libc.so.6
GLIBC_2.17                                        /lib32/libc.so.6
GLIBC_2.18                                        /lib32/libc.so.6
GLIBC_2.2                                         /lib32/libc.so.6
GLIBC_2.2.1                                       /lib32/libc.so.6
GLIBC_2.2.2                                       /lib32/libc.so.6
GLIBC_2.2.3                                       /lib32/libc.so.6
GLIBC_2.2.4                                       /lib32/libc.so.6
GLIBC_2.2.6                                       /lib32/libc.so.6
GLIBC_2.3                                         /lib32/libc.so.6
                                                  /lib32/ld-linux.so.2
GLIBC_2.3.2                                       /lib32/libc.so.6
GLIBC_2.3.3                                       /usr/lib/gcc/x86_64-linux-gnu/4.8/../../../../lib32/libdl.so
                                                  /lib32/libc.so.6
GLIBC_2.3.4                                       /usr/lib/gcc/x86_64-linux-gnu/4.8/../../../../lib32/libdl.so
                                                  /lib32/libc.so.6
GLIBC_2.4                                         /lib32/libc.so.6
                                                  /lib32/ld-linux.so.2
GLIBC_2.5                                         /lib32/libc.so.6
GLIBC_2.6                                         /lib32/libc.so.6
GLIBC_2.7                                         /lib32/libc.so.6
GLIBC_2.8                                         /lib32/libc.so.6
GLIBC_2.9                                         /lib32/libc.so.6
GLIBC_PRIVATE                                     /usr/lib/gcc/x86_64-linux-gnu/4.8/../../../../lib32/libdl.so
                                                  /lib32/ld-linux.so.2
                                                  /lib32/libc.so.6
_DYNAMIC                                          /usr/lib/gcc/x86_64-linux-gnu/4.8/../../../../lib32/crt1.o
_Exit                                             /lib32/libc.so.6
_Exit@@GLIBC_2.1.1                                /lib32/libc.so.6
_Exit@GLIBC_2.1.1                                 /lib32/libc.so.6
_GLOBAL_OFFSET_TABLE_                             /usr/lib/gcc/x86_64-linux-gnu/4.8/../../../../lib32/crt1.o
                                                  /usr/lib32/libc_nonshared.a(elf-init.oS)
                                                  /usr/lib/gcc/x86_64-linux-gnu/4.8/../../../../lib32/crti.o
_IO_fprintf                                       /lib32/libc.so.6
_IO_fprintf@@GLIBC_2.0                            /lib32/libc.so.6
_IO_fprintf@GLIBC_2.0                             /lib32/libc.so.6
_IO_stdin_used                                    /usr/lib/gcc/x86_64-linux-gnu/4.8/../../../../lib32/crt1.o
                                                  /lib32/libc.so.6
_ITM_deregisterTMCloneTable                       /usr/lib/gcc/x86_64-linux-gnu/4.8/../../../../lib32/libdl.so
                                                  /usr/lib/gcc/x86_64-linux-gnu/4.8/32/crtbegin.o
_ITM_registerTMCloneTable                         /usr/lib/gcc/x86_64-linux-gnu/4.8/../../../../lib32/libdl.so
                                                  /usr/lib/gcc/x86_64-linux-gnu/4.8/32/crtbegin.o
_Jv_RegisterClasses                               /usr/lib/gcc/x86_64-linux-gnu/4.8/../../../../lib32/libdl.so
                                                  /usr/lib/gcc/x86_64-linux-gnu/4.8/32/crtbegin.o
__TMC_END__                                       /usr/lib/gcc/x86_64-linux-gnu/4.8/32/crtend.o
                                                  /usr/lib/gcc/x86_64-linux-gnu/4.8/32/crtbegin.o
___brk_addr                                       /lib32/libc.so.6
___brk_addr@@GLIBC_2.0                            /lib32/libc.so.6
___brk_addr@GLIBC_2.0                             /lib32/libc.so.6
__after_morecore_hook                             /lib32/libc.so.6
__after_morecore_hook@@GLIBC_2.0                  /lib32/libc.so.6
__after_morecore_hook@GLIBC_2.0                   /lib32/libc.so.6
__close                                           /lib32/libc.so.6
__close@@GLIBC_2.0                                /lib32/libc.so.6
__close@GLIBC_2.0                                 /lib32/libc.so.6
__connect                                         /lib32/libc.so.6
__connect@@GLIBC_2.0                              /lib32/libc.so.6
__connect@GLIBC_2.0                               /lib32/libc.so.6
__ctype_get_mb_cur_max                            /lib32/libc.so.6
__ctype_get_mb_cur_max@@GLIBC_2.0                 /lib32/libc.so.6
__ctype_get_mb_cur_max@GLIBC_2.0                  /lib32/libc.so.6
__data_start                                      /usr/lib/gcc/x86_64-linux-gnu/4.8/../../../../lib32/crt1.o
__dso_handle                                      /usr/lib/gcc/x86_64-linux-gnu/4.8/32/crtbegin.o
__end_stack                                       /home/decoder10/RIOT/examples/mote_app/bin/native/cpu.a(native_cpu.o)
__errno_location                                  /lib32/libc.so.6
                                                  /home/decoder10/RIOT/examples/mote_app/bin/native/periph.a(uart.o)
                                                  /home/decoder10/RIOT/examples/mote_app/bin/native/cpu.a(syscalls.o)
__errno_location@@GLIBC_2.0                       /lib32/libc.so.6
__errno_location@GLIBC_2.0                        /lib32/libc.so.6
__fcntl                                           /lib32/libc.so.6
__fcntl@@GLIBC_2.0                                /lib32/libc.so.6
__fcntl@GLIBC_2.0                                 /lib32/libc.so.6
__free_hook                                       /lib32/libc.so.6
__free_hook@@GLIBC_2.0                            /lib32/libc.so.6
__free_hook@GLIBC_2.0                             /lib32/libc.so.6
__getdelim                                        /lib32/libc.so.6
__getdelim@@GLIBC_2.0                             /lib32/libc.so.6
__getdelim@GLIBC_2.0                              /lib32/libc.so.6
__gmon_start__                                    /usr/lib/gcc/x86_64-linux-gnu/4.8/../../../../lib32/libdl.so
                                                  /usr/lib/gcc/x86_64-linux-gnu/4.8/../../../../lib32/crti.o
__init_array_end                                  /usr/lib32/libc_nonshared.a(elf-init.oS)
__init_array_start                                /usr/lib32/libc_nonshared.a(elf-init.oS)
__isascii_l                                       /lib32/libc.so.6
__isascii_l@@GLIBC_2.1                            /lib32/libc.so.6
__isascii_l@GLIBC_2.1                             /lib32/libc.so.6
__isr_stack                                       /home/decoder10/RIOT/examples/mote_app/bin/native/cpu.a(irq_cpu.o)
                                                  /home/decoder10/RIOT/examples/mote_app/bin/native/cpu.a(syscalls.o)
                                                  /home/decoder10/RIOT/examples/mote_app/bin/native/cpu.a(native_cpu.o)
__libc_csu_fini                                   /usr/lib32/libc_nonshared.a(elf-init.oS)
                                                  /usr/lib/gcc/x86_64-linux-gnu/4.8/../../../../lib32/crt1.o
__libc_csu_init                                   /usr/lib32/libc_nonshared.a(elf-init.oS)
                                                  /usr/lib/gcc/x86_64-linux-gnu/4.8/../../../../lib32/crt1.o
__libc_secure_getenv                              /lib32/libc.so.6
__libc_secure_getenv@@GLIBC_PRIVATE               /lib32/libc.so.6
__libc_secure_getenv@GLIBC_PRIVATE                /lib32/libc.so.6
__libc_start_main                                 /lib32/libc.so.6
                                                  /usr/lib/gcc/x86_64-linux-gnu/4.8/../../../../lib32/crt1.o
__libc_start_main@@GLIBC_2.0                      /lib32/libc.so.6
__libc_start_main@GLIBC_2.0                       /lib32/libc.so.6
__lseek                                           /lib32/libc.so.6
__lseek@@GLIBC_2.0                                /lib32/libc.so.6
__lseek@GLIBC_2.0                                 /lib32/libc.so.6
__malloc_hook                                     /lib32/libc.so.6
__malloc_hook@@GLIBC_2.0                          /lib32/libc.so.6
__malloc_hook@GLIBC_2.0                           /lib32/libc.so.6
__malloc_initialize_hook                          /lib32/libc.so.6
__malloc_initialize_hook@@GLIBC_2.0               /lib32/libc.so.6
__malloc_initialize_hook@GLIBC_2.0                /lib32/libc.so.6
__memalign_hook                                   /lib32/libc.so.6
__memalign_hook@@GLIBC_2.0                        /lib32/libc.so.6
__memalign_hook@GLIBC_2.0                         /lib32/libc.so.6
__memset_zero_constant_len_parameter              /lib32/libc.so.6
__nanosleep                                       /lib32/libc.so.6
__nanosleep@@GLIBC_2.2.6                          /lib32/libc.so.6
__nanosleep@GLIBC_2.2.6                           /lib32/libc.so.6
__open                                            /lib32/libc.so.6
__open64                                          /lib32/libc.so.6
__open64@@GLIBC_2.2                               /lib32/libc.so.6
__open64@GLIBC_2.2                                /lib32/libc.so.6
__open@@GLIBC_2.0                                 /lib32/libc.so.6
__open@GLIBC_2.0                                  /lib32/libc.so.6
__poll                                            /lib32/libc.so.6
__poll@@GLIBC_2.1                                 /lib32/libc.so.6
__poll@GLIBC_2.1                                  /lib32/libc.so.6
__pread64                                         /lib32/libc.so.6
__pread64@@GLIBC_2.1                              /lib32/libc.so.6
__pread64@GLIBC_2.1                               /lib32/libc.so.6
__pthread_getspecific                             /usr/lib/gcc/x86_64-linux-gnu/4.8/../../../../lib32/libdl.so
__pthread_key_create                              /usr/lib/gcc/x86_64-linux-gnu/4.8/../../../../lib32/libdl.so
__pthread_once                                    /usr/lib/gcc/x86_64-linux-gnu/4.8/../../../../lib32/libdl.so
__pthread_setspecific                             /usr/lib/gcc/x86_64-linux-gnu/4.8/../../../../lib32/libdl.so
__pwrite64                                        /lib32/libc.so.6
__pwrite64@@GLIBC_2.1                             /lib32/libc.so.6
__pwrite64@GLIBC_2.1                              /lib32/libc.so.6
__read                                            /lib32/libc.so.6
__read@@GLIBC_2.0                                 /lib32/libc.so.6
__read@GLIBC_2.0                                  /lib32/libc.so.6
__realloc_hook                                    /lib32/libc.so.6
__realloc_hook@@GLIBC_2.0                         /lib32/libc.so.6
__realloc_hook@GLIBC_2.0                          /lib32/libc.so.6
__secure_getenv@GLIBC_2.0                         /lib32/libc.so.6
__send                                            /lib32/libc.so.6
__send@@GLIBC_2.0                                 /lib32/libc.so.6
__send@GLIBC_2.0                                  /lib32/libc.so.6
__sigaction                                       /lib32/libc.so.6
__sigaction@@GLIBC_2.0                            /lib32/libc.so.6
__sigaction@GLIBC_2.0                             /lib32/libc.so.6
__stack_chk_fail                                  /lib32/libc.so.6
                                                  /home/decoder10/RIOT/examples/mote_app/bin/native/cpu.a(async_read.o)
                                                  /home/decoder10/RIOT/examples/mote_app/bin/native/auto_init.a(auto_init.o)
                                                  /home/decoder10/RIOT/examples/mote_app/bin/native/periph.a(uart.o)
                                                  /home/decoder10/RIOT/examples/mote_app/bin/native/native-drivers.a(native-led.o)
                                                  /home/decoder10/RIOT/examples/mote_app/bin/native/mote.a(mote.o)
                                                  /home/decoder10/RIOT/examples/mote_app/bin/native/cpu.a(syscalls.o)
                                                  /home/decoder10/RIOT/examples/mote_app/bin/native/cpu.a(panic.o)
                                                  /home/decoder10/RIOT/examples/mote_app/bin/native/cpu.a(native_cpu.o)
                                                  /home/decoder10/RIOT/examples/mote_app/bin/native/cpu.a(lpm_cpu.o)
                                                  /home/decoder10/RIOT/examples/mote_app/bin/native/cpu.a(irq_cpu.o)
                                                  /home/decoder10/RIOT/examples/mote_app/bin/native/core.a(bitarithm.o)
                                                  /home/decoder10/RIOT/examples/mote_app/bin/native/core.a(sched.o)
                                                  /home/decoder10/RIOT/examples/mote_app/bin/native/core.a(thread.o)
                                                  /home/decoder10/RIOT/examples/mote_app/bin/native/core.a(kernel_init.o)
                                                  /home/decoder10/RIOT/examples/mote_app/bin/native/board.a(board_init.o)
                                                  /home/decoder10/RIOT/examples/mote_app/bin/native/mote_app.a(main.o)
                                                  /home/decoder10/RIOT/examples/mote_app/bin/native/cpu/startup.o
__stack_chk_fail@@GLIBC_2.4                       /lib32/libc.so.6
__stack_chk_fail@GLIBC_2.4                        /lib32/libc.so.6
__toascii_l                                       /lib32/libc.so.6
__toascii_l@@GLIBC_2.1                            /lib32/libc.so.6
__toascii_l@GLIBC_2.1                             /lib32/libc.so.6
__vsnprintf                                       /lib32/libc.so.6
__vsnprintf@@GLIBC_2.0                            /lib32/libc.so.6
__vsnprintf@GLIBC_2.0                             /lib32/libc.so.6
__vsscanf                                         /lib32/libc.so.6
__vsscanf@@GLIBC_2.0                              /lib32/libc.so.6
__vsscanf@GLIBC_2.0                               /lib32/libc.so.6
__wait                                            /lib32/libc.so.6
__wait@@GLIBC_2.0                                 /lib32/libc.so.6
__wait@GLIBC_2.0                                  /lib32/libc.so.6
__write                                           /lib32/libc.so.6
__write@@GLIBC_2.0                                /lib32/libc.so.6
__write@GLIBC_2.0                                 /lib32/libc.so.6
__x86.get_pc_thunk.bx                             /usr/lib/gcc/x86_64-linux-gnu/4.8/../../../../lib32/crti.o
                                                  /usr/lib32/libc_nonshared.a(elf-init.oS)
__xpg_sigpause                                    /lib32/libc.so.6
__xpg_sigpause@@GLIBC_2.2                         /lib32/libc.so.6
__xpg_sigpause@GLIBC_2.2                          /lib32/libc.so.6
_dl_starting_up                                   /lib32/libc.so.6
_environ                                          /lib32/libc.so.6
_environ@@GLIBC_2.0                               /lib32/libc.so.6
_environ@GLIBC_2.0                                /lib32/libc.so.6
                                                  /usr/lib/gcc/x86_64-linux-gnu/4.8/../../../../lib32/libdl.so
_fini                                             /usr/lib/gcc/x86_64-linux-gnu/4.8/../../../../lib32/crti.o
_flushlbf                                         /lib32/libc.so.6
_flushlbf@@GLIBC_2.2                              /lib32/libc.so.6
_flushlbf@GLIBC_2.2                               /lib32/libc.so.6
_fp_hw                                            /usr/lib/gcc/x86_64-linux-gnu/4.8/../../../../lib32/crt1.o
_init                                             /usr/lib/gcc/x86_64-linux-gnu/4.8/../../../../lib32/crti.o
                                                  /usr/lib32/libc_nonshared.a(elf-init.oS)
_longjmp                                          /lib32/libc.so.6
_longjmp@@GLIBC_2.0                               /lib32/libc.so.6
_longjmp@GLIBC_2.0                                /lib32/libc.so.6
_native_LED_GREEN_OFF                             /home/decoder10/RIOT/examples/mote_app/bin/native/native-drivers.a(native-led.o)
_native_LED_GREEN_ON                              /home/decoder10/RIOT/examples/mote_app/bin/native/native-drivers.a(native-led.o)
                                                  /home/decoder10/RIOT/examples/mote_app/bin/native/board.a(board_init.o)
_native_LED_GREEN_TOGGLE                          /home/decoder10/RIOT/examples/mote_app/bin/native/native-drivers.a(native-led.o)
_native_LED_RED_OFF                               /home/decoder10/RIOT/examples/mote_app/bin/native/native-drivers.a(native-led.o)
                                                  /home/decoder10/RIOT/examples/mote_app/bin/native/board.a(board_init.o)
_native_LED_RED_ON                                /home/decoder10/RIOT/examples/mote_app/bin/native/native-drivers.a(native-led.o)
_native_LED_RED_TOGGLE                            /home/decoder10/RIOT/examples/mote_app/bin/native/native-drivers.a(native-led.o)
_native_argv                                      /home/decoder10/RIOT/examples/mote_app/bin/native/cpu/startup.o
_native_cur_ctx                                   /home/decoder10/RIOT/examples/mote_app/bin/native/cpu.a(irq_cpu.o)
                                                  /home/decoder10/RIOT/examples/mote_app/bin/native/cpu.a(tramp.o)
                                                  /home/decoder10/RIOT/examples/mote_app/bin/native/cpu.a(syscalls.o)
_native_id                                        /home/decoder10/RIOT/examples/mote_app/bin/native/cpu/startup.o
_native_in_calloc                                 /home/decoder10/RIOT/examples/mote_app/bin/native/cpu.a(syscalls.o)
_native_in_isr                                    /home/decoder10/RIOT/examples/mote_app/bin/native/cpu.a(irq_cpu.o)
                                                  /home/decoder10/RIOT/examples/mote_app/bin/native/cpu.a(tramp.o)
                                                  /home/decoder10/RIOT/examples/mote_app/bin/native/cpu.a(syscalls.o)
                                                  /home/decoder10/RIOT/examples/mote_app/bin/native/cpu.a(native_cpu.o)
_native_in_malloc                                 /home/decoder10/RIOT/examples/mote_app/bin/native/cpu.a(syscalls.o)
_native_in_syscall                                /home/decoder10/RIOT/examples/mote_app/bin/native/cpu.a(irq_cpu.o)
                                                  /home/decoder10/RIOT/examples/mote_app/bin/native/cpu.a(syscalls.o)
                                                  /home/decoder10/RIOT/examples/mote_app/bin/native/cpu.a(lpm_cpu.o)
_native_init_syscalls                             /home/decoder10/RIOT/examples/mote_app/bin/native/cpu.a(syscalls.o)
                                                  /home/decoder10/RIOT/examples/mote_app/bin/native/cpu/startup.o
_native_isr_ctx                                   /home/decoder10/RIOT/examples/mote_app/bin/native/cpu.a(irq_cpu.o)
                                                  /home/decoder10/RIOT/examples/mote_app/bin/native/cpu.a(tramp.o)
_native_log_stderr                                /home/decoder10/RIOT/examples/mote_app/bin/native/cpu/startup.o
_native_log_stdout                                /home/decoder10/RIOT/examples/mote_app/bin/native/cpu/startup.o
_native_lpm_sleep                                 /home/decoder10/RIOT/examples/mote_app/bin/native/cpu.a(lpm_cpu.o)
_native_null_in                                   /home/decoder10/RIOT/examples/mote_app/bin/native/cpu/startup.o
_native_null_in_pipe                              /home/decoder10/RIOT/examples/mote_app/bin/native/cpu/startup.o
_native_null_out_file                             /home/decoder10/RIOT/examples/mote_app/bin/native/cpu/startup.o
_native_pid                                       /home/decoder10/RIOT/examples/mote_app/bin/native/cpu/startup.o
                                                  /home/decoder10/RIOT/examples/mote_app/bin/native/cpu.a(async_read.o)
                                                  /home/decoder10/RIOT/examples/mote_app/bin/native/cpu.a(panic.o)
_native_popsig                                    /home/decoder10/RIOT/examples/mote_app/bin/native/cpu.a(irq_cpu.o)
_native_read                                      /home/decoder10/RIOT/examples/mote_app/bin/native/cpu.a(syscalls.o)
_native_rng_mode                                  /home/decoder10/RIOT/examples/mote_app/bin/native/cpu/startup.o
_native_rng_seed                                  /home/decoder10/RIOT/examples/mote_app/bin/native/cpu/startup.o
_native_saved_eip                                 /home/decoder10/RIOT/examples/mote_app/bin/native/cpu.a(irq_cpu.o)
                                                  /home/decoder10/RIOT/examples/mote_app/bin/native/cpu.a(tramp.o)
_native_sig_leave_tramp                           /home/decoder10/RIOT/examples/mote_app/bin/native/cpu.a(tramp.o)
                                                  /home/decoder10/RIOT/examples/mote_app/bin/native/cpu.a(irq_cpu.o)
_native_sigpend                                   /home/decoder10/RIOT/examples/mote_app/bin/native/cpu.a(irq_cpu.o)
                                                  /home/decoder10/RIOT/examples/mote_app/bin/native/cpu.a(syscalls.o)
                                                  /home/decoder10/RIOT/examples/mote_app/bin/native/cpu.a(lpm_cpu.o)
_native_syscall_enter                             /home/decoder10/RIOT/examples/mote_app/bin/native/cpu.a(syscalls.o)
                                                  /home/decoder10/RIOT/examples/mote_app/bin/native/cpu.a(irq_cpu.o)
_native_syscall_leave                             /home/decoder10/RIOT/examples/mote_app/bin/native/cpu.a(syscalls.o)
                                                  /home/decoder10/RIOT/examples/mote_app/bin/native/cpu.a(lpm_cpu.o)
                                                  /home/decoder10/RIOT/examples/mote_app/bin/native/cpu.a(irq_cpu.o)
_native_unix_socket_path                          /home/decoder10/RIOT/examples/mote_app/bin/native/cpu/startup.o
_native_write                                     /home/decoder10/RIOT/examples/mote_app/bin/native/cpu.a(syscalls.o)
                                                  /home/decoder10/RIOT/examples/mote_app/bin/native/periph.a(uart.o)
_native_writev                                    /home/decoder10/RIOT/examples/mote_app/bin/native/cpu.a(syscalls.o)
_progname                                         /home/decoder10/RIOT/examples/mote_app/bin/native/cpu/startup.o
                                                  /home/decoder10/RIOT/examples/mote_app/bin/native/cpu.a(syscalls.o)
_sig_pipefd                                       /home/decoder10/RIOT/examples/mote_app/bin/native/cpu.a(irq_cpu.o)
_start                                            /usr/lib/gcc/x86_64-linux-gnu/4.8/../../../../lib32/crt1.o
accept                                            /lib32/libc.so.6
accept4                                           /lib32/libc.so.6
accept4@@GLIBC_2.10                               /lib32/libc.so.6
accept4@GLIBC_2.10                                /lib32/libc.so.6
accept@@GLIBC_2.0                                 /lib32/libc.so.6
accept@GLIBC_2.0                                  /lib32/libc.so.6
access                                            /lib32/libc.so.6
access@@GLIBC_2.0                                 /lib32/libc.so.6
access@GLIBC_2.0                                  /lib32/libc.so.6
addmntent                                         /lib32/libc.so.6
addmntent@@GLIBC_2.0                              /lib32/libc.so.6
addmntent@GLIBC_2.0                               /lib32/libc.so.6
adjtime                                           /lib32/libc.so.6
adjtime@@GLIBC_2.0                                /lib32/libc.so.6
adjtime@GLIBC_2.0                                 /lib32/libc.so.6
adjtimex                                          /lib32/libc.so.6
adjtimex@@GLIBC_2.0                               /lib32/libc.so.6
adjtimex@GLIBC_2.0                                /lib32/libc.so.6
advance                                           /lib32/libc.so.6
advance@@GLIBC_2.0                                /lib32/libc.so.6
advance@GLIBC_2.0                                 /lib32/libc.so.6
aligned_alloc                                     /lib32/libc.so.6
aligned_alloc@@GLIBC_2.16                         /lib32/libc.so.6
aligned_alloc@GLIBC_2.16                          /lib32/libc.so.6
argp_error                                        /lib32/libc.so.6
argp_error@@GLIBC_2.1                             /lib32/libc.so.6
argp_error@GLIBC_2.1                              /lib32/libc.so.6
argp_failure                                      /lib32/libc.so.6
argp_failure@@GLIBC_2.1                           /lib32/libc.so.6
argp_failure@GLIBC_2.1                            /lib32/libc.so.6
argp_help                                         /lib32/libc.so.6
argp_help@@GLIBC_2.1                              /lib32/libc.so.6
argp_help@GLIBC_2.1                               /lib32/libc.so.6
argp_parse                                        /lib32/libc.so.6
argp_parse@@GLIBC_2.1                             /lib32/libc.so.6
argp_parse@GLIBC_2.1                              /lib32/libc.so.6
argp_state_help                                   /lib32/libc.so.6
argp_state_help@@GLIBC_2.1                        /lib32/libc.so.6
argp_state_help@GLIBC_2.1                         /lib32/libc.so.6
argp_usage                                        /lib32/libc.so.6
argp_usage@@GLIBC_2.1                             /lib32/libc.so.6
argp_usage@GLIBC_2.1                              /lib32/libc.so.6
argz_add                                          /lib32/libc.so.6
argz_add@@GLIBC_2.0                               /lib32/libc.so.6
argz_add@GLIBC_2.0                                /lib32/libc.so.6
argz_add_sep                                      /lib32/libc.so.6
argz_add_sep@@GLIBC_2.0                           /lib32/libc.so.6
argz_add_sep@GLIBC_2.0                            /lib32/libc.so.6
argz_append                                       /lib32/libc.so.6
argz_append@@GLIBC_2.0                            /lib32/libc.so.6
argz_append@GLIBC_2.0                             /lib32/libc.so.6
argz_count                                        /lib32/libc.so.6
argz_count@@GLIBC_2.0                             /lib32/libc.so.6
argz_count@GLIBC_2.0                              /lib32/libc.so.6
argz_create                                       /lib32/libc.so.6
argz_create@@GLIBC_2.0                            /lib32/libc.so.6
argz_create@GLIBC_2.0                             /lib32/libc.so.6
argz_create_sep                                   /lib32/libc.so.6
argz_create_sep@@GLIBC_2.0                        /lib32/libc.so.6
argz_create_sep@GLIBC_2.0                         /lib32/libc.so.6
argz_extract                                      /lib32/libc.so.6
argz_extract@@GLIBC_2.0                           /lib32/libc.so.6